fetch error on healthcare-it: HTTPError: HTTP Error 404: Not Found
fetch error on informatics: HTTPError: HTTP Error 404: Not Found
fetch error on digital-health: HTTPError: HTTP Error 404: Not Found
fetch error on ehr: HTTPError: HTTP Error 404: Not Found
normalized 0 total jobs
fetch error on healthcare-it: HTTPError: HTTP Error 404: Not Found
fetch error on informatics: HTTPError: HTTP Error 404: Not Found
fetch error on digital-health: HTTPError: HTTP Error 404: Not Found
fetch error on ehr: HTTPError: HTTP Error 404: Not Found
normalized 0 total jobs
fetch error on healthcare-it: HTTPError: HTTP Error 404: Not Found
fetch error on informatics: HTTPError: HTTP Error 404: Not Found
fetch error on digital-health: HTTPError: HTTP Error 404: Not Found
fetch error on ehr: HTTPError: HTTP Error 404: Not Found
normalized 0 total jobs
fetch error on healthcare-it: HTTPError: HTTP Error 404: Not Found
fetch error on informatics: HTTPError: HTTP Error 404: Not Found
fetch error on digital-health: HTTPError: HTTP Error 404: Not Found
fetch error on ehr: HTTPError: HTTP Error 404: Not Found
normalized 0 total jobs
fetch error on healthcare-it: HTTPError: HTTP Error 404: Not Found
fetch error on informatics: HTTPError: HTTP Error 404: Not Found
fetch error on digital-health: HTTPError: HTTP Error 404: Not Found
fetch error on ehr: HTTPError: HTTP Error 404: Not Found
normalized 0 total jobs
fetch error on healthcare-it: HTTPError: HTTP Error 404: Not Found
fetch error on informatics: HTTPError: HTTP Error 404: Not Found
fetch error on digital-health: HTTPError: HTTP Error 404: Not Found
fetch error on ehr: HTTPError: HTTP Error 404: Not Found
normalized 0 total jobs
fetch error on healthcare-it: HTTPError: HTTP Error 404: Not Found
fetch error on informatics: HTTPError: HTTP Error 404: Not Found
fetch error on digital-health: HTTPError: HTTP Error 404: Not Found
fetch error on ehr: HTTPError: HTTP Error 404: Not Found
normalized 0 total jobs
fetch error on healthcare-it: HTTPError: HTTP Error 404: Not Found
fetch error on informatics: HTTPError: HTTP Error 404: Not Found
fetch error on digital-health: HTTPError: HTTP Error 404: Not Found
fetch error on ehr: HTTPError: HTTP Error 404: Not Found
normalized 0 total jobs
fetch error on healthcare-it: HTTPError: HTTP Error 404: Not Found
fetch error on informatics: HTTPError: HTTP Error 404: Not Found
fetch error on digital-health: HTTPError: HTTP Error 404: Not Found
fetch error on ehr: HTTPError: HTTP Error 404: Not Found
normalized 0 total jobs
fetch error on healthcare-it: HTTPError: HTTP Error 404: Not Found
fetch error on informatics: HTTPError: HTTP Error 404: Not Found
fetch error on digital-health: HTTPError: HTTP Error 404: Not Found
fetch error on ehr: HTTPError: HTTP Error 404: Not Found
normalized 0 total jobs
