[zocdoc] fetch_failed: NameError: name 'urllib' is not defined
[doximity] fetch_failed: NameError: name 'urllib' is not defined
[komodohealth] fetch_failed: NameError: name 'urllib' is not defined
[definitivehealthcare] fetch_failed: NameError: name 'urllib' is not defined
[hingehealth] fetch_failed: NameError: name 'urllib' is not defined
[tempus] fetch_failed: NameError: name 'urllib' is not defined
[kyruus] fetch_failed: NameError: name 'urllib' is not defined
[includedhealth] fetch_failed: NameError: name 'urllib' is not defined
[omadahealth] fetch_failed: NameError: name 'urllib' is not defined
[cedar] fetch_failed: NameError: name 'urllib' is not defined
[particlehealth] fetch_failed: NameError: name 'urllib' is not defined
[medallion] fetch_failed: NameError: name 'urllib' is not defined
[swordhealth] fetch_failed: NameError: name 'urllib' is not defined
[clarifyhealth] fetch_failed: NameError: name 'urllib' is not defined
[innovaccer] fetch_failed: NameError: name 'urllib' is not defined
[rightwayhealthcare] fetch_failed: NameError: name 'urllib' is not defined
[ncontracts] fetch_failed: NameError: name 'urllib' is not defined
[venminder] fetch_failed: NameError: name 'urllib' is not defined
[alloy] fetch_failed: NameError: name 'urllib' is not defined
[unit21] fetch_failed: NameError: name 'urllib' is not defined
[nearside] fetch_failed: NameError: name 'urllib' is not defined
[trustly] fetch_failed: NameError: name 'urllib' is not defined
[kasisto] fetch_failed: NameError: name 'urllib' is not defined
[previse] fetch_failed: NameError: name 'urllib' is not defined
[logicgate] fetch_failed: NameError: name 'urllib' is not defined
[everc] fetch_failed: NameError: name 'urllib' is not defined
[linedata] fetch_failed: NameError: name 'urllib' is not defined
[zocdoc] fetch_failed: NameError: name 'urllib' is not defined
[doximity] fetch_failed: NameError: name 'urllib' is not defined
[komodohealth] fetch_failed: NameError: name 'urllib' is not defined
[definitivehealthcare] fetch_failed: NameError: name 'urllib' is not defined
[hingehealth] fetch_failed: NameError: name 'urllib' is not defined
[tempus] fetch_failed: NameError: name 'urllib' is not defined
[kyruus] fetch_failed: NameError: name 'urllib' is not defined
[includedhealth] fetch_failed: NameError: name 'urllib' is not defined
[omadahealth] fetch_failed: NameError: name 'urllib' is not defined
[cedar] fetch_failed: NameError: name 'urllib' is not defined
[particlehealth] fetch_failed: NameError: name 'urllib' is not defined
[medallion] fetch_failed: NameError: name 'urllib' is not defined
[swordhealth] fetch_failed: NameError: name 'urllib' is not defined
[clarifyhealth] fetch_failed: NameError: name 'urllib' is not defined
[innovaccer] fetch_failed: NameError: name 'urllib' is not defined
[rightwayhealthcare] fetch_failed: NameError: name 'urllib' is not defined
[ncontracts] fetch_failed: NameError: name 'urllib' is not defined
[venminder] fetch_failed: NameError: name 'urllib' is not defined
[alloy] fetch_failed: NameError: name 'urllib' is not defined
[unit21] fetch_failed: NameError: name 'urllib' is not defined
[nearside] fetch_failed: NameError: name 'urllib' is not defined
[trustly] fetch_failed: NameError: name 'urllib' is not defined
[kasisto] fetch_failed: NameError: name 'urllib' is not defined
[previse] fetch_failed: NameError: name 'urllib' is not defined
[logicgate] fetch_failed: NameError: name 'urllib' is not defined
[everc] fetch_failed: NameError: name 'urllib' is not defined
[linedata] fetch_failed: NameError: name 'urllib' is not defined
[zocdoc] fetch_failed: NameError: name 'urllib' is not defined
[doximity] fetch_failed: NameError: name 'urllib' is not defined
[komodohealth] fetch_failed: NameError: name 'urllib' is not defined
[definitivehealthcare] fetch_failed: NameError: name 'urllib' is not defined
[hingehealth] fetch_failed: NameError: name 'urllib' is not defined
[tempus] fetch_failed: NameError: name 'urllib' is not defined
[kyruus] fetch_failed: NameError: name 'urllib' is not defined
[includedhealth] fetch_failed: NameError: name 'urllib' is not defined
[omadahealth] fetch_failed: NameError: name 'urllib' is not defined
[cedar] fetch_failed: NameError: name 'urllib' is not defined
[particlehealth] fetch_failed: NameError: name 'urllib' is not defined
[medallion] fetch_failed: NameError: name 'urllib' is not defined
[swordhealth] fetch_failed: NameError: name 'urllib' is not defined
[clarifyhealth] fetch_failed: NameError: name 'urllib' is not defined
[innovaccer] fetch_failed: NameError: name 'urllib' is not defined
[rightwayhealthcare] fetch_failed: NameError: name 'urllib' is not defined
[ncontracts] fetch_failed: NameError: name 'urllib' is not defined
[venminder] fetch_failed: NameError: name 'urllib' is not defined
[alloy] fetch_failed: NameError: name 'urllib' is not defined
[unit21] fetch_failed: NameError: name 'urllib' is not defined
[nearside] fetch_failed: NameError: name 'urllib' is not defined
[trustly] fetch_failed: NameError: name 'urllib' is not defined
[kasisto] fetch_failed: NameError: name 'urllib' is not defined
[previse] fetch_failed: NameError: name 'urllib' is not defined
[logicgate] fetch_failed: NameError: name 'urllib' is not defined
[everc] fetch_failed: NameError: name 'urllib' is not defined
[linedata] fetch_failed: NameError: name 'urllib' is not defined
[zocdoc] fetch_failed: NameError: name 'urllib' is not defined
[doximity] fetch_failed: NameError: name 'urllib' is not defined
[komodohealth] fetch_failed: NameError: name 'urllib' is not defined
[definitivehealthcare] fetch_failed: NameError: name 'urllib' is not defined
[hingehealth] fetch_failed: NameError: name 'urllib' is not defined
[tempus] fetch_failed: NameError: name 'urllib' is not defined
[kyruus] fetch_failed: NameError: name 'urllib' is not defined
[includedhealth] fetch_failed: NameError: name 'urllib' is not defined
[omadahealth] fetch_failed: NameError: name 'urllib' is not defined
[cedar] fetch_failed: NameError: name 'urllib' is not defined
[particlehealth] fetch_failed: NameError: name 'urllib' is not defined
[medallion] fetch_failed: NameError: name 'urllib' is not defined
[swordhealth] fetch_failed: NameError: name 'urllib' is not defined
[clarifyhealth] fetch_failed: NameError: name 'urllib' is not defined
[innovaccer] fetch_failed: NameError: name 'urllib' is not defined
[rightwayhealthcare] fetch_failed: NameError: name 'urllib' is not defined
[ncontracts] fetch_failed: NameError: name 'urllib' is not defined
[venminder] fetch_failed: NameError: name 'urllib' is not defined
[alloy] fetch_failed: NameError: name 'urllib' is not defined
[unit21] fetch_failed: NameError: name 'urllib' is not defined
[nearside] fetch_failed: NameError: name 'urllib' is not defined
[trustly] fetch_failed: NameError: name 'urllib' is not defined
[kasisto] fetch_failed: NameError: name 'urllib' is not defined
[previse] fetch_failed: NameError: name 'urllib' is not defined
[logicgate] fetch_failed: NameError: name 'urllib' is not defined
[everc] fetch_failed: NameError: name 'urllib' is not defined
[linedata] fetch_failed: NameError: name 'urllib' is not defined
[zocdoc] fetch_failed: NameError: name 'urllib' is not defined
[doximity] fetch_failed: NameError: name 'urllib' is not defined
[komodohealth] fetch_failed: NameError: name 'urllib' is not defined
[definitivehealthcare] fetch_failed: NameError: name 'urllib' is not defined
[hingehealth] fetch_failed: NameError: name 'urllib' is not defined
[tempus] fetch_failed: NameError: name 'urllib' is not defined
[kyruus] fetch_failed: NameError: name 'urllib' is not defined
[includedhealth] fetch_failed: NameError: name 'urllib' is not defined
[omadahealth] fetch_failed: NameError: name 'urllib' is not defined
[cedar] fetch_failed: NameError: name 'urllib' is not defined
[particlehealth] fetch_failed: NameError: name 'urllib' is not defined
[medallion] fetch_failed: NameError: name 'urllib' is not defined
[swordhealth] fetch_failed: NameError: name 'urllib' is not defined
[clarifyhealth] fetch_failed: NameError: name 'urllib' is not defined
[innovaccer] fetch_failed: NameError: name 'urllib' is not defined
[rightwayhealthcare] fetch_failed: NameError: name 'urllib' is not defined
[ncontracts] fetch_failed: NameError: name 'urllib' is not defined
[venminder] fetch_failed: NameError: name 'urllib' is not defined
[alloy] fetch_failed: NameError: name 'urllib' is not defined
[unit21] fetch_failed: NameError: name 'urllib' is not defined
[nearside] fetch_failed: NameError: name 'urllib' is not defined
[trustly] fetch_failed: NameError: name 'urllib' is not defined
[kasisto] fetch_failed: NameError: name 'urllib' is not defined
[previse] fetch_failed: NameError: name 'urllib' is not defined
[logicgate] fetch_failed: NameError: name 'urllib' is not defined
[everc] fetch_failed: NameError: name 'urllib' is not defined
[linedata] fetch_failed: NameError: name 'urllib' is not defined
[zocdoc] fetch_failed: NameError: name 'urllib' is not defined
[doximity] fetch_failed: NameError: name 'urllib' is not defined
[komodohealth] fetch_failed: NameError: name 'urllib' is not defined
[definitivehealthcare] fetch_failed: NameError: name 'urllib' is not defined
[hingehealth] fetch_failed: NameError: name 'urllib' is not defined
[tempus] fetch_failed: NameError: name 'urllib' is not defined
[kyruus] fetch_failed: NameError: name 'urllib' is not defined
[includedhealth] fetch_failed: NameError: name 'urllib' is not defined
[omadahealth] fetch_failed: NameError: name 'urllib' is not defined
[cedar] fetch_failed: NameError: name 'urllib' is not defined
[particlehealth] fetch_failed: NameError: name 'urllib' is not defined
[medallion] fetch_failed: NameError: name 'urllib' is not defined
[swordhealth] fetch_failed: NameError: name 'urllib' is not defined
[clarifyhealth] fetch_failed: NameError: name 'urllib' is not defined
[innovaccer] fetch_failed: NameError: name 'urllib' is not defined
[rightwayhealthcare] fetch_failed: NameError: name 'urllib' is not defined
[ncontracts] fetch_failed: NameError: name 'urllib' is not defined
[venminder] fetch_failed: NameError: name 'urllib' is not defined
[alloy] fetch_failed: NameError: name 'urllib' is not defined
[unit21] fetch_failed: NameError: name 'urllib' is not defined
[nearside] fetch_failed: NameError: name 'urllib' is not defined
[trustly] fetch_failed: NameError: name 'urllib' is not defined
[kasisto] fetch_failed: NameError: name 'urllib' is not defined
[previse] fetch_failed: NameError: name 'urllib' is not defined
[logicgate] fetch_failed: NameError: name 'urllib' is not defined
[everc] fetch_failed: NameError: name 'urllib' is not defined
[linedata] fetch_failed: NameError: name 'urllib' is not defined
[zocdoc] fetch_failed: NameError: name 'urllib' is not defined
[doximity] fetch_failed: NameError: name 'urllib' is not defined
[komodohealth] fetch_failed: NameError: name 'urllib' is not defined
[definitivehealthcare] fetch_failed: NameError: name 'urllib' is not defined
[hingehealth] fetch_failed: NameError: name 'urllib' is not defined
[tempus] fetch_failed: NameError: name 'urllib' is not defined
[kyruus] fetch_failed: NameError: name 'urllib' is not defined
[includedhealth] fetch_failed: NameError: name 'urllib' is not defined
[omadahealth] fetch_failed: NameError: name 'urllib' is not defined
[cedar] fetch_failed: NameError: name 'urllib' is not defined
[particlehealth] fetch_failed: NameError: name 'urllib' is not defined
[medallion] fetch_failed: NameError: name 'urllib' is not defined
[swordhealth] fetch_failed: NameError: name 'urllib' is not defined
[clarifyhealth] fetch_failed: NameError: name 'urllib' is not defined
[innovaccer] fetch_failed: NameError: name 'urllib' is not defined
[rightwayhealthcare] fetch_failed: NameError: name 'urllib' is not defined
[ncontracts] fetch_failed: NameError: name 'urllib' is not defined
[venminder] fetch_failed: NameError: name 'urllib' is not defined
[alloy] fetch_failed: NameError: name 'urllib' is not defined
[unit21] fetch_failed: NameError: name 'urllib' is not defined
[nearside] fetch_failed: NameError: name 'urllib' is not defined
[trustly] fetch_failed: NameError: name 'urllib' is not defined
[kasisto] fetch_failed: NameError: name 'urllib' is not defined
[previse] fetch_failed: NameError: name 'urllib' is not defined
[logicgate] fetch_failed: NameError: name 'urllib' is not defined
[everc] fetch_failed: NameError: name 'urllib' is not defined
[linedata] fetch_failed: NameError: name 'urllib' is not defined
[zocdoc] fetch_failed: NameError: name 'urllib' is not defined
[doximity] fetch_failed: NameError: name 'urllib' is not defined
[komodohealth] fetch_failed: NameError: name 'urllib' is not defined
[definitivehealthcare] fetch_failed: NameError: name 'urllib' is not defined
[hingehealth] fetch_failed: NameError: name 'urllib' is not defined
[tempus] fetch_failed: NameError: name 'urllib' is not defined
[kyruus] fetch_failed: NameError: name 'urllib' is not defined
[includedhealth] fetch_failed: NameError: name 'urllib' is not defined
[omadahealth] fetch_failed: NameError: name 'urllib' is not defined
[cedar] fetch_failed: NameError: name 'urllib' is not defined
[particlehealth] fetch_failed: NameError: name 'urllib' is not defined
[medallion] fetch_failed: NameError: name 'urllib' is not defined
[swordhealth] fetch_failed: NameError: name 'urllib' is not defined
[clarifyhealth] fetch_failed: NameError: name 'urllib' is not defined
[innovaccer] fetch_failed: NameError: name 'urllib' is not defined
[rightwayhealthcare] fetch_failed: NameError: name 'urllib' is not defined
[ncontracts] fetch_failed: NameError: name 'urllib' is not defined
[venminder] fetch_failed: NameError: name 'urllib' is not defined
[alloy] fetch_failed: NameError: name 'urllib' is not defined
[unit21] fetch_failed: NameError: name 'urllib' is not defined
[nearside] fetch_failed: NameError: name 'urllib' is not defined
[trustly] fetch_failed: NameError: name 'urllib' is not defined
[kasisto] fetch_failed: NameError: name 'urllib' is not defined
[previse] fetch_failed: NameError: name 'urllib' is not defined
[logicgate] fetch_failed: NameError: name 'urllib' is not defined
[everc] fetch_failed: NameError: name 'urllib' is not defined
[linedata] fetch_failed: NameError: name 'urllib' is not defined
[zocdoc] fetch_failed: NameError: name 'urllib' is not defined
[doximity] fetch_failed: NameError: name 'urllib' is not defined
[komodohealth] fetch_failed: NameError: name 'urllib' is not defined
[definitivehealthcare] fetch_failed: NameError: name 'urllib' is not defined
[hingehealth] fetch_failed: NameError: name 'urllib' is not defined
[tempus] fetch_failed: NameError: name 'urllib' is not defined
[kyruus] fetch_failed: NameError: name 'urllib' is not defined
[includedhealth] fetch_failed: NameError: name 'urllib' is not defined
[omadahealth] fetch_failed: NameError: name 'urllib' is not defined
[cedar] fetch_failed: NameError: name 'urllib' is not defined
[particlehealth] fetch_failed: NameError: name 'urllib' is not defined
[medallion] fetch_failed: NameError: name 'urllib' is not defined
[swordhealth] fetch_failed: NameError: name 'urllib' is not defined
[clarifyhealth] fetch_failed: NameError: name 'urllib' is not defined
[innovaccer] fetch_failed: NameError: name 'urllib' is not defined
[rightwayhealthcare] fetch_failed: NameError: name 'urllib' is not defined
[ncontracts] fetch_failed: NameError: name 'urllib' is not defined
[venminder] fetch_failed: NameError: name 'urllib' is not defined
[alloy] fetch_failed: NameError: name 'urllib' is not defined
[unit21] fetch_failed: NameError: name 'urllib' is not defined
[nearside] fetch_failed: NameError: name 'urllib' is not defined
[trustly] fetch_failed: NameError: name 'urllib' is not defined
[kasisto] fetch_failed: NameError: name 'urllib' is not defined
[previse] fetch_failed: NameError: name 'urllib' is not defined
[logicgate] fetch_failed: NameError: name 'urllib' is not defined
[everc] fetch_failed: NameError: name 'urllib' is not defined
[linedata] fetch_failed: NameError: name 'urllib' is not defined
[zocdoc] fetch_failed: NameError: name 'urllib' is not defined
[doximity] fetch_failed: NameError: name 'urllib' is not defined
[komodohealth] fetch_failed: NameError: name 'urllib' is not defined
[definitivehealthcare] fetch_failed: NameError: name 'urllib' is not defined
[hingehealth] fetch_failed: NameError: name 'urllib' is not defined
[tempus] fetch_failed: NameError: name 'urllib' is not defined
[kyruus] fetch_failed: NameError: name 'urllib' is not defined
[includedhealth] fetch_failed: NameError: name 'urllib' is not defined
[omadahealth] fetch_failed: NameError: name 'urllib' is not defined
[cedar] fetch_failed: NameError: name 'urllib' is not defined
[particlehealth] fetch_failed: NameError: name 'urllib' is not defined
[medallion] fetch_failed: NameError: name 'urllib' is not defined
[swordhealth] fetch_failed: NameError: name 'urllib' is not defined
[clarifyhealth] fetch_failed: NameError: name 'urllib' is not defined
[innovaccer] fetch_failed: NameError: name 'urllib' is not defined
[rightwayhealthcare] fetch_failed: NameError: name 'urllib' is not defined
[ncontracts] fetch_failed: NameError: name 'urllib' is not defined
[venminder] fetch_failed: NameError: name 'urllib' is not defined
[alloy] fetch_failed: NameError: name 'urllib' is not defined
[unit21] fetch_failed: NameError: name 'urllib' is not defined
[nearside] fetch_failed: NameError: name 'urllib' is not defined
[trustly] fetch_failed: NameError: name 'urllib' is not defined
[kasisto] fetch_failed: NameError: name 'urllib' is not defined
[previse] fetch_failed: NameError: name 'urllib' is not defined
[logicgate] fetch_failed: NameError: name 'urllib' is not defined
[everc] fetch_failed: NameError: name 'urllib' is not defined
[linedata] fetch_failed: NameError: name 'urllib' is not defined
[zocdoc] fetch_failed: NameError: name 'urllib' is not defined
[doximity] fetch_failed: NameError: name 'urllib' is not defined
[komodohealth] fetch_failed: NameError: name 'urllib' is not defined
[definitivehealthcare] fetch_failed: NameError: name 'urllib' is not defined
[hingehealth] fetch_failed: NameError: name 'urllib' is not defined
[tempus] fetch_failed: NameError: name 'urllib' is not defined
[kyruus] fetch_failed: NameError: name 'urllib' is not defined
[includedhealth] fetch_failed: NameError: name 'urllib' is not defined
[omadahealth] fetch_failed: NameError: name 'urllib' is not defined
[cedar] fetch_failed: NameError: name 'urllib' is not defined
[particlehealth] fetch_failed: NameError: name 'urllib' is not defined
[medallion] fetch_failed: NameError: name 'urllib' is not defined
[swordhealth] fetch_failed: NameError: name 'urllib' is not defined
[clarifyhealth] fetch_failed: NameError: name 'urllib' is not defined
[innovaccer] fetch_failed: NameError: name 'urllib' is not defined
[rightwayhealthcare] fetch_failed: NameError: name 'urllib' is not defined
[ncontracts] fetch_failed: NameError: name 'urllib' is not defined
[venminder] fetch_failed: NameError: name 'urllib' is not defined
[alloy] fetch_failed: NameError: name 'urllib' is not defined
[unit21] fetch_failed: NameError: name 'urllib' is not defined
[nearside] fetch_failed: NameError: name 'urllib' is not defined
[trustly] fetch_failed: NameError: name 'urllib' is not defined
[kasisto] fetch_failed: NameError: name 'urllib' is not defined
[previse] fetch_failed: NameError: name 'urllib' is not defined
[logicgate] fetch_failed: NameError: name 'urllib' is not defined
[everc] fetch_failed: NameError: name 'urllib' is not defined
[linedata] fetch_failed: NameError: name 'urllib' is not defined
[zocdoc] fetch_failed: NameError: name 'urllib' is not defined
[doximity] fetch_failed: NameError: name 'urllib' is not defined
[komodohealth] fetch_failed: NameError: name 'urllib' is not defined
[definitivehealthcare] fetch_failed: NameError: name 'urllib' is not defined
[hingehealth] fetch_failed: NameError: name 'urllib' is not defined
[tempus] fetch_failed: NameError: name 'urllib' is not defined
[kyruus] fetch_failed: NameError: name 'urllib' is not defined
[includedhealth] fetch_failed: NameError: name 'urllib' is not defined
[omadahealth] fetch_failed: NameError: name 'urllib' is not defined
[cedar] fetch_failed: NameError: name 'urllib' is not defined
[particlehealth] fetch_failed: NameError: name 'urllib' is not defined
[medallion] fetch_failed: NameError: name 'urllib' is not defined
[swordhealth] fetch_failed: NameError: name 'urllib' is not defined
[clarifyhealth] fetch_failed: NameError: name 'urllib' is not defined
[innovaccer] fetch_failed: NameError: name 'urllib' is not defined
[rightwayhealthcare] fetch_failed: NameError: name 'urllib' is not defined
[ncontracts] fetch_failed: NameError: name 'urllib' is not defined
[venminder] fetch_failed: NameError: name 'urllib' is not defined
[alloy] fetch_failed: NameError: name 'urllib' is not defined
[unit21] fetch_failed: NameError: name 'urllib' is not defined
[nearside] fetch_failed: NameError: name 'urllib' is not defined
[trustly] fetch_failed: NameError: name 'urllib' is not defined
[kasisto] fetch_failed: NameError: name 'urllib' is not defined
[previse] fetch_failed: NameError: name 'urllib' is not defined
[logicgate] fetch_failed: NameError: name 'urllib' is not defined
[everc] fetch_failed: NameError: name 'urllib' is not defined
[linedata] fetch_failed: NameError: name 'urllib' is not defined
[zocdoc] fetch_failed: NameError: name 'urllib' is not defined
[doximity] fetch_failed: NameError: name 'urllib' is not defined
[komodohealth] fetch_failed: NameError: name 'urllib' is not defined
[definitivehealthcare] fetch_failed: NameError: name 'urllib' is not defined
[hingehealth] fetch_failed: NameError: name 'urllib' is not defined
[tempus] fetch_failed: NameError: name 'urllib' is not defined
[kyruus] fetch_failed: NameError: name 'urllib' is not defined
[includedhealth] fetch_failed: NameError: name 'urllib' is not defined
[omadahealth] fetch_failed: NameError: name 'urllib' is not defined
[cedar] fetch_failed: NameError: name 'urllib' is not defined
[particlehealth] fetch_failed: NameError: name 'urllib' is not defined
[medallion] fetch_failed: NameError: name 'urllib' is not defined
[swordhealth] fetch_failed: NameError: name 'urllib' is not defined
[clarifyhealth] fetch_failed: NameError: name 'urllib' is not defined
[innovaccer] fetch_failed: NameError: name 'urllib' is not defined
[rightwayhealthcare] fetch_failed: NameError: name 'urllib' is not defined
[ncontracts] fetch_failed: NameError: name 'urllib' is not defined
[venminder] fetch_failed: NameError: name 'urllib' is not defined
[alloy] fetch_failed: NameError: name 'urllib' is not defined
[unit21] fetch_failed: NameError: name 'urllib' is not defined
[nearside] fetch_failed: NameError: name 'urllib' is not defined
[trustly] fetch_failed: NameError: name 'urllib' is not defined
[kasisto] fetch_failed: NameError: name 'urllib' is not defined
[previse] fetch_failed: NameError: name 'urllib' is not defined
[logicgate] fetch_failed: NameError: name 'urllib' is not defined
[everc] fetch_failed: NameError: name 'urllib' is not defined
[linedata] fetch_failed: NameError: name 'urllib' is not defined
[zocdoc] fetch_failed: NameError: name 'urllib' is not defined
[doximity] fetch_failed: NameError: name 'urllib' is not defined
[komodohealth] fetch_failed: NameError: name 'urllib' is not defined
[definitivehealthcare] fetch_failed: NameError: name 'urllib' is not defined
[hingehealth] fetch_failed: NameError: name 'urllib' is not defined
[tempus] fetch_failed: NameError: name 'urllib' is not defined
[kyruus] fetch_failed: NameError: name 'urllib' is not defined
[includedhealth] fetch_failed: NameError: name 'urllib' is not defined
[omadahealth] fetch_failed: NameError: name 'urllib' is not defined
[cedar] fetch_failed: NameError: name 'urllib' is not defined
[particlehealth] fetch_failed: NameError: name 'urllib' is not defined
[medallion] fetch_failed: NameError: name 'urllib' is not defined
[swordhealth] fetch_failed: NameError: name 'urllib' is not defined
[clarifyhealth] fetch_failed: NameError: name 'urllib' is not defined
[innovaccer] fetch_failed: NameError: name 'urllib' is not defined
[rightwayhealthcare] fetch_failed: NameError: name 'urllib' is not defined
[ncontracts] fetch_failed: NameError: name 'urllib' is not defined
[venminder] fetch_failed: NameError: name 'urllib' is not defined
[alloy] fetch_failed: NameError: name 'urllib' is not defined
[unit21] fetch_failed: NameError: name 'urllib' is not defined
[nearside] fetch_failed: NameError: name 'urllib' is not defined
[trustly] fetch_failed: NameError: name 'urllib' is not defined
[kasisto] fetch_failed: NameError: name 'urllib' is not defined
[previse] fetch_failed: NameError: name 'urllib' is not defined
[logicgate] fetch_failed: NameError: name 'urllib' is not defined
[everc] fetch_failed: NameError: name 'urllib' is not defined
[linedata] fetch_failed: NameError: name 'urllib' is not defined
[zocdoc] fetch_failed: NameError: name 'urllib' is not defined
[doximity] fetch_failed: NameError: name 'urllib' is not defined
[komodohealth] fetch_failed: NameError: name 'urllib' is not defined
[definitivehealthcare] fetch_failed: NameError: name 'urllib' is not defined
[hingehealth] fetch_failed: NameError: name 'urllib' is not defined
[tempus] fetch_failed: NameError: name 'urllib' is not defined
[kyruus] fetch_failed: NameError: name 'urllib' is not defined
[includedhealth] fetch_failed: NameError: name 'urllib' is not defined
[omadahealth] fetch_failed: NameError: name 'urllib' is not defined
[cedar] fetch_failed: NameError: name 'urllib' is not defined
[particlehealth] fetch_failed: NameError: name 'urllib' is not defined
[medallion] fetch_failed: NameError: name 'urllib' is not defined
[swordhealth] fetch_failed: NameError: name 'urllib' is not defined
[clarifyhealth] fetch_failed: NameError: name 'urllib' is not defined
[innovaccer] fetch_failed: NameError: name 'urllib' is not defined
[rightwayhealthcare] fetch_failed: NameError: name 'urllib' is not defined
[ncontracts] fetch_failed: NameError: name 'urllib' is not defined
[venminder] fetch_failed: NameError: name 'urllib' is not defined
[alloy] fetch_failed: NameError: name 'urllib' is not defined
[unit21] fetch_failed: NameError: name 'urllib' is not defined
[nearside] fetch_failed: NameError: name 'urllib' is not defined
[trustly] fetch_failed: NameError: name 'urllib' is not defined
[kasisto] fetch_failed: NameError: name 'urllib' is not defined
[previse] fetch_failed: NameError: name 'urllib' is not defined
[logicgate] fetch_failed: NameError: name 'urllib' is not defined
[everc] fetch_failed: NameError: name 'urllib' is not defined
[linedata] fetch_failed: NameError: name 'urllib' is not defined
[zocdoc] fetch_failed: NameError: name 'urllib' is not defined
[doximity] fetch_failed: NameError: name 'urllib' is not defined
[komodohealth] fetch_failed: NameError: name 'urllib' is not defined
[definitivehealthcare] fetch_failed: NameError: name 'urllib' is not defined
[hingehealth] fetch_failed: NameError: name 'urllib' is not defined
[tempus] fetch_failed: NameError: name 'urllib' is not defined
[kyruus] fetch_failed: NameError: name 'urllib' is not defined
[includedhealth] fetch_failed: NameError: name 'urllib' is not defined
[omadahealth] fetch_failed: NameError: name 'urllib' is not defined
[cedar] fetch_failed: NameError: name 'urllib' is not defined
[particlehealth] fetch_failed: NameError: name 'urllib' is not defined
[medallion] fetch_failed: NameError: name 'urllib' is not defined
[swordhealth] fetch_failed: NameError: name 'urllib' is not defined
[clarifyhealth] fetch_failed: NameError: name 'urllib' is not defined
[innovaccer] fetch_failed: NameError: name 'urllib' is not defined
[rightwayhealthcare] fetch_failed: NameError: name 'urllib' is not defined
[glacierbancorp] fetch_failed: NameError: name 'urllib' is not defined
[atlanticunionbankshares] fetch_failed: NameError: name 'urllib' is not defined
[customersbancorp] fetch_failed: NameError: name 'urllib' is not defined
[westmonroepartners] fetch_failed: NameError: name 'urllib' is not defined
[auditboard] fetch_failed: NameError: name 'urllib' is not defined
[logicgate] fetch_failed: NameError: name 'urllib' is not defined
[metricstream] fetch_failed: NameError: name 'urllib' is not defined
[processunity] fetch_failed: NameError: name 'urllib' is not defined
[aravosolutions] fetch_failed: NameError: name 'urllib' is not defined
[riskonnect] fetch_failed: NameError: name 'urllib' is not defined
[ncino] fetch_failed: NameError: name 'urllib' is not defined
[alloy] fetch_failed: NameError: name 'urllib' is not defined
[socure] fetch_failed: NameError: name 'urllib' is not defined
[zocdoc] fetch_failed: NameError: name 'urllib' is not defined
[doximity] fetch_failed: NameError: name 'urllib' is not defined
[komodohealth] fetch_failed: NameError: name 'urllib' is not defined
[definitivehealthcare] fetch_failed: NameError: name 'urllib' is not defined
[hingehealth] fetch_failed: NameError: name 'urllib' is not defined
[tempus] fetch_failed: NameError: name 'urllib' is not defined
[kyruus] fetch_failed: NameError: name 'urllib' is not defined
[includedhealth] fetch_failed: NameError: name 'urllib' is not defined
[omadahealth] fetch_failed: NameError: name 'urllib' is not defined
[cedar] fetch_failed: NameError: name 'urllib' is not defined
[particlehealth] fetch_failed: NameError: name 'urllib' is not defined
[medallion] fetch_failed: NameError: name 'urllib' is not defined
[swordhealth] fetch_failed: NameError: name 'urllib' is not defined
[clarifyhealth] fetch_failed: NameError: name 'urllib' is not defined
[innovaccer] fetch_failed: NameError: name 'urllib' is not defined
[rightwayhealthcare] fetch_failed: NameError: name 'urllib' is not defined
[auditboard] fetch_failed: NameError: name 'urllib' is not defined
[logicgate] fetch_failed: NameError: name 'urllib' is not defined
[processunity] fetch_failed: NameError: name 'urllib' is not defined
[aravo] fetch_failed: NameError: name 'urllib' is not defined
[riskonnect] fetch_failed: NameError: name 'urllib' is not defined
[sardine] fetch_failed: NameError: name 'urllib' is not defined
[alloy] fetch_failed: NameError: name 'urllib' is not defined
[middesk] fetch_failed: NameError: name 'urllib' is not defined
[capco] fetch_failed: NameError: name 'urllib' is not defined
[westmonroe] fetch_failed: NameError: name 'urllib' is not defined
[slalom] fetch_failed: NameError: name 'urllib' is not defined
[riveron] fetch_failed: NameError: name 'urllib' is not defined
[fticonsulting] fetch_failed: NameError: name 'urllib' is not defined
[websterbank] fetch_failed: NameError: name 'urllib' is not defined
[texascapitalbank] fetch_failed: NameError: name 'urllib' is not defined
[westernalliancebank] fetch_failed: NameError: name 'urllib' is not defined
[synovusfinancial] fetch_failed: NameError: name 'urllib' is not defined
[atlanticunionbankshares] fetch_failed: NameError: name 'urllib' is not defined
[customersbancorp] fetch_failed: NameError: name 'urllib' is not defined
[amalgamatefinancial] fetch_failed: NameError: name 'urllib' is not defined
[flagstarbank] fetch_failed: NameError: name 'urllib' is not defined
[nium] fetch_failed: NameError: name 'urllib' is not defined
[column] fetch_failed: NameError: name 'urllib' is not defined
[treasuryprime] fetch_failed: NameError: name 'urllib' is not defined
[unit] fetch_failed: NameError: name 'urllib' is not defined
[zocdoc] fetch_failed: NameError: name 'urllib' is not defined
[doximity] fetch_failed: NameError: name 'urllib' is not defined
[komodohealth] fetch_failed: NameError: name 'urllib' is not defined
[definitivehealthcare] fetch_failed: NameError: name 'urllib' is not defined
[hingehealth] fetch_failed: NameError: name 'urllib' is not defined
[tempus] fetch_failed: NameError: name 'urllib' is not defined
[kyruus] fetch_failed: NameError: name 'urllib' is not defined
[includedhealth] fetch_failed: NameError: name 'urllib' is not defined
[omadahealth] fetch_failed: NameError: name 'urllib' is not defined
[cedar] fetch_failed: NameError: name 'urllib' is not defined
[particlehealth] fetch_failed: NameError: name 'urllib' is not defined
[medallion] fetch_failed: NameError: name 'urllib' is not defined
[swordhealth] fetch_failed: NameError: name 'urllib' is not defined
[clarifyhealth] fetch_failed: NameError: name 'urllib' is not defined
[innovaccer] fetch_failed: NameError: name 'urllib' is not defined
[rightwayhealthcare] fetch_failed: NameError: name 'urllib' is not defined
[brex] fetch_failed: NameError: name 'urllib' is not defined
[ramp] fetch_failed: NameError: name 'urllib' is not defined
[unit] fetch_failed: NameError: name 'urllib' is not defined
[alloy] fetch_failed: NameError: name 'urllib' is not defined
[sardine] fetch_failed: NameError: name 'urllib' is not defined
[amount] fetch_failed: NameError: name 'urllib' is not defined
[plaid] fetch_failed: NameError: name 'urllib' is not defined
[hummingbird] fetch_failed: NameError: name 'urllib' is not defined
[moderntreasury] fetch_failed: NameError: name 'urllib' is not defined
[relayfinancial] fetch_failed: NameError: name 'urllib' is not defined
[column] fetch_failed: NameError: name 'urllib' is not defined
[treasuryprime] fetch_failed: NameError: name 'urllib' is not defined
[varobank] fetch_failed: NameError: name 'urllib' is not defined
[savvy] fetch_failed: NameError: name 'urllib' is not defined
[herondata] fetch_failed: NameError: name 'urllib' is not defined
[drata] fetch_failed: NameError: name 'urllib' is not defined
[securiti] fetch_failed: NameError: name 'urllib' is not defined
[zocdoc] fetch_failed: NameError: name 'urllib' is not defined
[doximity] fetch_failed: NameError: name 'urllib' is not defined
[komodohealth] fetch_failed: NameError: name 'urllib' is not defined
[definitivehealthcare] fetch_failed: NameError: name 'urllib' is not defined
[hingehealth] fetch_failed: NameError: name 'urllib' is not defined
[tempus] fetch_failed: NameError: name 'urllib' is not defined
[kyruus] fetch_failed: NameError: name 'urllib' is not defined
[includedhealth] fetch_failed: NameError: name 'urllib' is not defined
[omadahealth] fetch_failed: NameError: name 'urllib' is not defined
[cedar] fetch_failed: NameError: name 'urllib' is not defined
[particlehealth] fetch_failed: NameError: name 'urllib' is not defined
[medallion] fetch_failed: NameError: name 'urllib' is not defined
[swordhealth] fetch_failed: NameError: name 'urllib' is not defined
[clarifyhealth] fetch_failed: NameError: name 'urllib' is not defined
[innovaccer] fetch_failed: NameError: name 'urllib' is not defined
[rightwayhealthcare] fetch_failed: NameError: name 'urllib' is not defined
[atlanticunionbank] fetch_failed: NameError: name 'urllib' is not defined
[cullenfrostbankers] fetch_failed: NameError: name 'urllib' is not defined
[bokfinancial] fetch_failed: NameError: name 'urllib' is not defined
[capco] fetch_failed: NameError: name 'urllib' is not defined
[westmonroepartners] fetch_failed: NameError: name 'urllib' is not defined
[slalomconsulting] fetch_failed: NameError: name 'urllib' is not defined
[riveron] fetch_failed: NameError: name 'urllib' is not defined
[auditboard] fetch_failed: NameError: name 'urllib' is not defined
[logicgate] fetch_failed: NameError: name 'urllib' is not defined
[processunity] fetch_failed: NameError: name 'urllib' is not defined
[aravosolutions] fetch_failed: NameError: name 'urllib' is not defined
[resolver] fetch_failed: NameError: name 'urllib' is not defined
[riskonnect] fetch_failed: NameError: name 'urllib' is not defined
[alloy] fetch_failed: NameError: name 'urllib' is not defined
[sardine] fetch_failed: NameError: name 'urllib' is not defined
[middesk] fetch_failed: NameError: name 'urllib' is not defined
[treasuryprime] fetch_failed: NameError: name 'urllib' is not defined
[moderntreasury] fetch_failed: NameError: name 'urllib' is not defined
[protiviti] fetch_failed: NameError: name 'urllib' is not defined
[zocdoc] fetch_failed: NameError: name 'urllib' is not defined
[doximity] fetch_failed: NameError: name 'urllib' is not defined
[komodohealth] fetch_failed: NameError: name 'urllib' is not defined
[definitivehealthcare] fetch_failed: NameError: name 'urllib' is not defined
[hingehealth] fetch_failed: NameError: name 'urllib' is not defined
[tempus] fetch_failed: NameError: name 'urllib' is not defined
[kyruus] fetch_failed: NameError: name 'urllib' is not defined
[includedhealth] fetch_failed: NameError: name 'urllib' is not defined
[omadahealth] fetch_failed: NameError: name 'urllib' is not defined
[cedar] fetch_failed: NameError: name 'urllib' is not defined
[particlehealth] fetch_failed: NameError: name 'urllib' is not defined
[medallion] fetch_failed: NameError: name 'urllib' is not defined
[swordhealth] fetch_failed: NameError: name 'urllib' is not defined
[clarifyhealth] fetch_failed: NameError: name 'urllib' is not defined
[innovaccer] fetch_failed: NameError: name 'urllib' is not defined
[rightwayhealthcare] fetch_failed: NameError: name 'urllib' is not defined
[westernalliancebank] fetch_failed: NameError: name 'urllib' is not defined
[cullenfrostbankers] fetch_failed: NameError: name 'urllib' is not defined
[atlanticunionbank] fetch_failed: NameError: name 'urllib' is not defined
[cadencebank] fetch_failed: NameError: name 'urllib' is not defined
[auditboard] fetch_failed: NameError: name 'urllib' is not defined
[logicgate] fetch_failed: NameError: name 'urllib' is not defined
[processunity] fetch_failed: NameError: name 'urllib' is not defined
[aravosolutions] fetch_failed: NameError: name 'urllib' is not defined
[resolver] fetch_failed: NameError: name 'urllib' is not defined
[riskonnect] fetch_failed: NameError: name 'urllib' is not defined
[alloy] fetch_failed: NameError: name 'urllib' is not defined
[sardine] fetch_failed: NameError: name 'urllib' is not defined
[middesk] fetch_failed: NameError: name 'urllib' is not defined
[capco] fetch_failed: NameError: name 'urllib' is not defined
[westmonroe] fetch_failed: NameError: name 'urllib' is not defined
[crowellp] fetch_failed: NameError: name 'urllib' is not defined
[bakertilly] fetch_failed: NameError: name 'urllib' is not defined
[fticonsulting] fetch_failed: NameError: name 'urllib' is not defined
[riveron] fetch_failed: NameError: name 'urllib' is not defined
[treasuryprime] fetch_failed: NameError: name 'urllib' is not defined
[column] fetch_failed: NameError: name 'urllib' is not defined
[zocdoc] fetch_failed: NameError: name 'urllib' is not defined
[doximity] fetch_failed: NameError: name 'urllib' is not defined
[komodohealth] fetch_failed: NameError: name 'urllib' is not defined
[definitivehealthcare] fetch_failed: NameError: name 'urllib' is not defined
[hingehealth] fetch_failed: NameError: name 'urllib' is not defined
[tempus] fetch_failed: NameError: name 'urllib' is not defined
[kyruus] fetch_failed: NameError: name 'urllib' is not defined
[includedhealth] fetch_failed: NameError: name 'urllib' is not defined
[omadahealth] fetch_failed: NameError: name 'urllib' is not defined
[cedar] fetch_failed: NameError: name 'urllib' is not defined
[particlehealth] fetch_failed: NameError: name 'urllib' is not defined
[medallion] fetch_failed: NameError: name 'urllib' is not defined
[swordhealth] fetch_failed: NameError: name 'urllib' is not defined
[clarifyhealth] fetch_failed: NameError: name 'urllib' is not defined
[innovaccer] fetch_failed: NameError: name 'urllib' is not defined
[rightwayhealthcare] fetch_failed: NameError: name 'urllib' is not defined
[westernalliancebank] fetch_failed: NameError: name 'urllib' is not defined
[cullenfrostbankers] fetch_failed: NameError: name 'urllib' is not defined
[atlanticunionbank] fetch_failed: NameError: name 'urllib' is not defined
[cadencebank] fetch_failed: NameError: name 'urllib' is not defined
[auditboard] fetch_failed: NameError: name 'urllib' is not defined
[logicgate] fetch_failed: NameError: name 'urllib' is not defined
[processunity] fetch_failed: NameError: name 'urllib' is not defined
[aravosolutions] fetch_failed: NameError: name 'urllib' is not defined
[resolver] fetch_failed: NameError: name 'urllib' is not defined
[riskonnect] fetch_failed: NameError: name 'urllib' is not defined
[alloy] fetch_failed: NameError: name 'urllib' is not defined
[sardine] fetch_failed: NameError: name 'urllib' is not defined
[middesk] fetch_failed: NameError: name 'urllib' is not defined
[capco] fetch_failed: NameError: name 'urllib' is not defined
[westmonroe] fetch_failed: NameError: name 'urllib' is not defined
[crowellp] fetch_failed: NameError: name 'urllib' is not defined
[bakertilly] fetch_failed: NameError: name 'urllib' is not defined
[fticonsulting] fetch_failed: NameError: name 'urllib' is not defined
[riveron] fetch_failed: NameError: name 'urllib' is not defined
[treasuryprime] fetch_failed: NameError: name 'urllib' is not defined
[column] fetch_failed: NameError: name 'urllib' is not defined
[zocdoc] fetch_failed: NameError: name 'urllib' is not defined
[doximity] fetch_failed: NameError: name 'urllib' is not defined
[komodohealth] fetch_failed: NameError: name 'urllib' is not defined
[definitivehealthcare] fetch_failed: NameError: name 'urllib' is not defined
[hingehealth] fetch_failed: NameError: name 'urllib' is not defined
[tempus] fetch_failed: NameError: name 'urllib' is not defined
[kyruus] fetch_failed: NameError: name 'urllib' is not defined
[includedhealth] fetch_failed: NameError: name 'urllib' is not defined
[omadahealth] fetch_failed: NameError: name 'urllib' is not defined
[cedar] fetch_failed: NameError: name 'urllib' is not defined
[particlehealth] fetch_failed: NameError: name 'urllib' is not defined
[medallion] fetch_failed: NameError: name 'urllib' is not defined
[swordhealth] fetch_failed: NameError: name 'urllib' is not defined
[clarifyhealth] fetch_failed: NameError: name 'urllib' is not defined
[innovaccer] fetch_failed: NameError: name 'urllib' is not defined
[rightwayhealthcare] fetch_failed: NameError: name 'urllib' is not defined
[customersbank] fetch_failed: NameError: name 'urllib' is not defined
[signaturefinancialsignaturebanksuccessorentities] fetch_failed: NameError: name 'urllib' is not defined
[atlanticunionbank] fetch_failed: NameError: name 'urllib' is not defined
[synovusfinancial] fetch_failed: NameError: name 'urllib' is not defined
[capco] fetch_failed: NameError: name 'urllib' is not defined
[westmonroepartners] fetch_failed: NameError: name 'urllib' is not defined
[slalomconsulting] fetch_failed: NameError: name 'urllib' is not defined
[riveron] fetch_failed: NameError: name 'urllib' is not defined
[auditboard] fetch_failed: NameError: name 'urllib' is not defined
[logicgate] fetch_failed: NameError: name 'urllib' is not defined
[processunity] fetch_failed: NameError: name 'urllib' is not defined
[aravosolutions] fetch_failed: NameError: name 'urllib' is not defined
[riskonnect] fetch_failed: NameError: name 'urllib' is not defined
[metricstream] fetch_failed: NameError: name 'urllib' is not defined
[diligentcorporation] fetch_failed: NameError: name 'urllib' is not defined
[alloy] fetch_failed: NameError: name 'urllib' is not defined
[sardineai] fetch_failed: NameError: name 'urllib' is not defined
[middesk] fetch_failed: NameError: name 'urllib' is not defined
[socure] fetch_failed: NameError: name 'urllib' is not defined
[zocdoc] fetch_failed: NameError: name 'urllib' is not defined
[doximity] fetch_failed: NameError: name 'urllib' is not defined
[komodohealth] fetch_failed: NameError: name 'urllib' is not defined
[definitivehealthcare] fetch_failed: NameError: name 'urllib' is not defined
[hingehealth] fetch_failed: NameError: name 'urllib' is not defined
[tempus] fetch_failed: NameError: name 'urllib' is not defined
[kyruus] fetch_failed: NameError: name 'urllib' is not defined
[includedhealth] fetch_failed: NameError: name 'urllib' is not defined
[omadahealth] fetch_failed: NameError: name 'urllib' is not defined
[cedar] fetch_failed: NameError: name 'urllib' is not defined
[particlehealth] fetch_failed: NameError: name 'urllib' is not defined
[medallion] fetch_failed: NameError: name 'urllib' is not defined
[swordhealth] fetch_failed: NameError: name 'urllib' is not defined
[clarifyhealth] fetch_failed: NameError: name 'urllib' is not defined
[innovaccer] fetch_failed: NameError: name 'urllib' is not defined
[rightwayhealthcare] fetch_failed: NameError: name 'urllib' is not defined
[customersbank] fetch_failed: NameError: name 'urllib' is not defined
[signaturefinancialsignaturebanksuccessorentities] fetch_failed: NameError: name 'urllib' is not defined
[atlanticunionbank] fetch_failed: NameError: name 'urllib' is not defined
[synovusfinancial] fetch_failed: NameError: name 'urllib' is not defined
[capco] fetch_failed: NameError: name 'urllib' is not defined
[westmonroepartners] fetch_failed: NameError: name 'urllib' is not defined
[slalomconsulting] fetch_failed: NameError: name 'urllib' is not defined
[riveron] fetch_failed: NameError: name 'urllib' is not defined
[auditboard] fetch_failed: NameError: name 'urllib' is not defined
[logicgate] fetch_failed: NameError: name 'urllib' is not defined
[processunity] fetch_failed: NameError: name 'urllib' is not defined
[aravosolutions] fetch_failed: NameError: name 'urllib' is not defined
[riskonnect] fetch_failed: NameError: name 'urllib' is not defined
[metricstream] fetch_failed: NameError: name 'urllib' is not defined
[diligentcorporation] fetch_failed: NameError: name 'urllib' is not defined
[alloy] fetch_failed: NameError: name 'urllib' is not defined
[sardineai] fetch_failed: NameError: name 'urllib' is not defined
[middesk] fetch_failed: NameError: name 'urllib' is not defined
[socure] fetch_failed: NameError: name 'urllib' is not defined
[zocdoc] fetch_failed: NameError: name 'urllib' is not defined
[doximity] fetch_failed: NameError: name 'urllib' is not defined
[komodohealth] fetch_failed: NameError: name 'urllib' is not defined
[definitivehealthcare] fetch_failed: NameError: name 'urllib' is not defined
[hingehealth] fetch_failed: NameError: name 'urllib' is not defined
[tempus] fetch_failed: NameError: name 'urllib' is not defined
[kyruus] fetch_failed: NameError: name 'urllib' is not defined
[includedhealth] fetch_failed: NameError: name 'urllib' is not defined
[omadahealth] fetch_failed: NameError: name 'urllib' is not defined
[cedar] fetch_failed: NameError: name 'urllib' is not defined
[particlehealth] fetch_failed: NameError: name 'urllib' is not defined
[medallion] fetch_failed: NameError: name 'urllib' is not defined
[swordhealth] fetch_failed: NameError: name 'urllib' is not defined
[clarifyhealth] fetch_failed: NameError: name 'urllib' is not defined
[innovaccer] fetch_failed: NameError: name 'urllib' is not defined
[rightwayhealthcare] fetch_failed: NameError: name 'urllib' is not defined
[cadencebank] fetch_failed: NameError: name 'urllib' is not defined
[atlanticunionbankshares] fetch_failed: NameError: name 'urllib' is not defined
[customersbancorp] fetch_failed: NameError: name 'urllib' is not defined
[flagstarbank] fetch_failed: NameError: name 'urllib' is not defined
[auditboard] fetch_failed: NameError: name 'urllib' is not defined
[logicgate] fetch_failed: NameError: name 'urllib' is not defined
[processunity] fetch_failed: NameError: name 'urllib' is not defined
[aravosolutions] fetch_failed: NameError: name 'urllib' is not defined
[metricstream] fetch_failed: NameError: name 'urllib' is not defined
[resolver] fetch_failed: NameError: name 'urllib' is not defined
[alloy] fetch_failed: NameError: name 'urllib' is not defined
[sardine] fetch_failed: NameError: name 'urllib' is not defined
[socure] fetch_failed: NameError: name 'urllib' is not defined
[capco] fetch_failed: NameError: name 'urllib' is not defined
[westmonroepartners] fetch_failed: NameError: name 'urllib' is not defined
[slalom] fetch_failed: NameError: name 'urllib' is not defined
[crowellp] fetch_failed: NameError: name 'urllib' is not defined
[fticonsulting] fetch_failed: NameError: name 'urllib' is not defined
[ncino] fetch_failed: NameError: name 'urllib' is not defined
[thoughtmachine] fetch_failed: NameError: name 'urllib' is not defined
[zocdoc] fetch_failed: NameError: name 'urllib' is not defined
[doximity] fetch_failed: NameError: name 'urllib' is not defined
[komodohealth] fetch_failed: NameError: name 'urllib' is not defined
[definitivehealthcare] fetch_failed: NameError: name 'urllib' is not defined
[hingehealth] fetch_failed: NameError: name 'urllib' is not defined
[tempus] fetch_failed: NameError: name 'urllib' is not defined
[kyruus] fetch_failed: NameError: name 'urllib' is not defined
[includedhealth] fetch_failed: NameError: name 'urllib' is not defined
[omadahealth] fetch_failed: NameError: name 'urllib' is not defined
[cedar] fetch_failed: NameError: name 'urllib' is not defined
[particlehealth] fetch_failed: NameError: name 'urllib' is not defined
[medallion] fetch_failed: NameError: name 'urllib' is not defined
[swordhealth] fetch_failed: NameError: name 'urllib' is not defined
[clarifyhealth] fetch_failed: NameError: name 'urllib' is not defined
[innovaccer] fetch_failed: NameError: name 'urllib' is not defined
[rightwayhealthcare] fetch_failed: NameError: name 'urllib' is not defined
[atlanticunionbank] fetch_failed: NameError: name 'urllib' is not defined
[cullenfrostbankers] fetch_failed: NameError: name 'urllib' is not defined
[cadencebank] fetch_failed: NameError: name 'urllib' is not defined
[westmonroe] fetch_failed: NameError: name 'urllib' is not defined
[auditboard] fetch_failed: NameError: name 'urllib' is not defined
[logicgate] fetch_failed: NameError: name 'urllib' is not defined
[processunity] fetch_failed: NameError: name 'urllib' is not defined
[aravosolutions] fetch_failed: NameError: name 'urllib' is not defined
[metricstream] fetch_failed: NameError: name 'urllib' is not defined
[resolverkroll] fetch_failed: NameError: name 'urllib' is not defined
[sardine] fetch_failed: NameError: name 'urllib' is not defined
[alloy] fetch_failed: NameError: name 'urllib' is not defined
[middesk] fetch_failed: NameError: name 'urllib' is not defined
[persona] fetch_failed: NameError: name 'urllib' is not defined
[treasuryprime] fetch_failed: NameError: name 'urllib' is not defined
