[zocdoc] fetch_failed: NameError: name 'urllib' is not defined
[doximity] fetch_failed: NameError: name 'urllib' is not defined
[komodohealth] fetch_failed: NameError: name 'urllib' is not defined
[definitivehealthcare] fetch_failed: NameError: name 'urllib' is not defined
[hingehealth] fetch_failed: NameError: name 'urllib' is not defined
[tempus] fetch_failed: NameError: name 'urllib' is not defined
[kyruus] fetch_failed: NameError: name 'urllib' is not defined
[includedhealth] fetch_failed: NameError: name 'urllib' is not defined
[omadahealth] fetch_failed: NameError: name 'urllib' is not defined
[cedar] fetch_failed: NameError: name 'urllib' is not defined
[particlehealth] fetch_failed: NameError: name 'urllib' is not defined
[medallion] fetch_failed: NameError: name 'urllib' is not defined
[swordhealth] fetch_failed: NameError: name 'urllib' is not defined
[clarifyhealth] fetch_failed: NameError: name 'urllib' is not defined
[innovaccer] fetch_failed: NameError: name 'urllib' is not defined
[rightwayhealthcare] fetch_failed: NameError: name 'urllib' is not defined
[ncontracts] fetch_failed: NameError: name 'urllib' is not defined
[venminder] fetch_failed: NameError: name 'urllib' is not defined
[alloy] fetch_failed: NameError: name 'urllib' is not defined
[unit21] fetch_failed: NameError: name 'urllib' is not defined
[nearside] fetch_failed: NameError: name 'urllib' is not defined
[trustly] fetch_failed: NameError: name 'urllib' is not defined
[kasisto] fetch_failed: NameError: name 'urllib' is not defined
[previse] fetch_failed: NameError: name 'urllib' is not defined
[logicgate] fetch_failed: NameError: name 'urllib' is not defined
[everc] fetch_failed: NameError: name 'urllib' is not defined
[linedata] fetch_failed: NameError: name 'urllib' is not defined
[zocdoc] fetch_failed: NameError: name 'urllib' is not defined
[doximity] fetch_failed: NameError: name 'urllib' is not defined
[komodohealth] fetch_failed: NameError: name 'urllib' is not defined
[definitivehealthcare] fetch_failed: NameError: name 'urllib' is not defined
[hingehealth] fetch_failed: NameError: name 'urllib' is not defined
[tempus] fetch_failed: NameError: name 'urllib' is not defined
[kyruus] fetch_failed: NameError: name 'urllib' is not defined
[includedhealth] fetch_failed: NameError: name 'urllib' is not defined
[omadahealth] fetch_failed: NameError: name 'urllib' is not defined
[cedar] fetch_failed: NameError: name 'urllib' is not defined
[particlehealth] fetch_failed: NameError: name 'urllib' is not defined
[medallion] fetch_failed: NameError: name 'urllib' is not defined
[swordhealth] fetch_failed: NameError: name 'urllib' is not defined
[clarifyhealth] fetch_failed: NameError: name 'urllib' is not defined
[innovaccer] fetch_failed: NameError: name 'urllib' is not defined
[rightwayhealthcare] fetch_failed: NameError: name 'urllib' is not defined
[ncontracts] fetch_failed: NameError: name 'urllib' is not defined
[venminder] fetch_failed: NameError: name 'urllib' is not defined
[alloy] fetch_failed: NameError: name 'urllib' is not defined
[unit21] fetch_failed: NameError: name 'urllib' is not defined
[nearside] fetch_failed: NameError: name 'urllib' is not defined
[trustly] fetch_failed: NameError: name 'urllib' is not defined
[kasisto] fetch_failed: NameError: name 'urllib' is not defined
[previse] fetch_failed: NameError: name 'urllib' is not defined
[logicgate] fetch_failed: NameError: name 'urllib' is not defined
[everc] fetch_failed: NameError: name 'urllib' is not defined
[linedata] fetch_failed: NameError: name 'urllib' is not defined
[zocdoc] fetch_failed: NameError: name 'urllib' is not defined
[doximity] fetch_failed: NameError: name 'urllib' is not defined
[komodohealth] fetch_failed: NameError: name 'urllib' is not defined
[definitivehealthcare] fetch_failed: NameError: name 'urllib' is not defined
[hingehealth] fetch_failed: NameError: name 'urllib' is not defined
[tempus] fetch_failed: NameError: name 'urllib' is not defined
[kyruus] fetch_failed: NameError: name 'urllib' is not defined
[includedhealth] fetch_failed: NameError: name 'urllib' is not defined
[omadahealth] fetch_failed: NameError: name 'urllib' is not defined
[cedar] fetch_failed: NameError: name 'urllib' is not defined
[particlehealth] fetch_failed: NameError: name 'urllib' is not defined
[medallion] fetch_failed: NameError: name 'urllib' is not defined
[swordhealth] fetch_failed: NameError: name 'urllib' is not defined
[clarifyhealth] fetch_failed: NameError: name 'urllib' is not defined
[innovaccer] fetch_failed: NameError: name 'urllib' is not defined
[rightwayhealthcare] fetch_failed: NameError: name 'urllib' is not defined
[ncontracts] fetch_failed: NameError: name 'urllib' is not defined
[venminder] fetch_failed: NameError: name 'urllib' is not defined
[alloy] fetch_failed: NameError: name 'urllib' is not defined
[unit21] fetch_failed: NameError: name 'urllib' is not defined
[nearside] fetch_failed: NameError: name 'urllib' is not defined
[trustly] fetch_failed: NameError: name 'urllib' is not defined
[kasisto] fetch_failed: NameError: name 'urllib' is not defined
[previse] fetch_failed: NameError: name 'urllib' is not defined
[logicgate] fetch_failed: NameError: name 'urllib' is not defined
[everc] fetch_failed: NameError: name 'urllib' is not defined
[linedata] fetch_failed: NameError: name 'urllib' is not defined
[zocdoc] fetch_failed: NameError: name 'urllib' is not defined
[doximity] fetch_failed: NameError: name 'urllib' is not defined
[komodohealth] fetch_failed: NameError: name 'urllib' is not defined
[definitivehealthcare] fetch_failed: NameError: name 'urllib' is not defined
[hingehealth] fetch_failed: NameError: name 'urllib' is not defined
[tempus] fetch_failed: NameError: name 'urllib' is not defined
[kyruus] fetch_failed: NameError: name 'urllib' is not defined
[includedhealth] fetch_failed: NameError: name 'urllib' is not defined
[omadahealth] fetch_failed: NameError: name 'urllib' is not defined
[cedar] fetch_failed: NameError: name 'urllib' is not defined
[particlehealth] fetch_failed: NameError: name 'urllib' is not defined
[medallion] fetch_failed: NameError: name 'urllib' is not defined
[swordhealth] fetch_failed: NameError: name 'urllib' is not defined
[clarifyhealth] fetch_failed: NameError: name 'urllib' is not defined
[innovaccer] fetch_failed: NameError: name 'urllib' is not defined
[rightwayhealthcare] fetch_failed: NameError: name 'urllib' is not defined
[ncontracts] fetch_failed: NameError: name 'urllib' is not defined
[venminder] fetch_failed: NameError: name 'urllib' is not defined
[alloy] fetch_failed: NameError: name 'urllib' is not defined
[unit21] fetch_failed: NameError: name 'urllib' is not defined
[nearside] fetch_failed: NameError: name 'urllib' is not defined
[trustly] fetch_failed: NameError: name 'urllib' is not defined
[kasisto] fetch_failed: NameError: name 'urllib' is not defined
[previse] fetch_failed: NameError: name 'urllib' is not defined
[logicgate] fetch_failed: NameError: name 'urllib' is not defined
[everc] fetch_failed: NameError: name 'urllib' is not defined
[linedata] fetch_failed: NameError: name 'urllib' is not defined
[zocdoc] fetch_failed: NameError: name 'urllib' is not defined
[doximity] fetch_failed: NameError: name 'urllib' is not defined
[komodohealth] fetch_failed: NameError: name 'urllib' is not defined
[definitivehealthcare] fetch_failed: NameError: name 'urllib' is not defined
[hingehealth] fetch_failed: NameError: name 'urllib' is not defined
[tempus] fetch_failed: NameError: name 'urllib' is not defined
[kyruus] fetch_failed: NameError: name 'urllib' is not defined
[includedhealth] fetch_failed: NameError: name 'urllib' is not defined
[omadahealth] fetch_failed: NameError: name 'urllib' is not defined
[cedar] fetch_failed: NameError: name 'urllib' is not defined
[particlehealth] fetch_failed: NameError: name 'urllib' is not defined
[medallion] fetch_failed: NameError: name 'urllib' is not defined
[swordhealth] fetch_failed: NameError: name 'urllib' is not defined
[clarifyhealth] fetch_failed: NameError: name 'urllib' is not defined
[innovaccer] fetch_failed: NameError: name 'urllib' is not defined
[rightwayhealthcare] fetch_failed: NameError: name 'urllib' is not defined
[ncontracts] fetch_failed: NameError: name 'urllib' is not defined
[venminder] fetch_failed: NameError: name 'urllib' is not defined
[alloy] fetch_failed: NameError: name 'urllib' is not defined
[unit21] fetch_failed: NameError: name 'urllib' is not defined
[nearside] fetch_failed: NameError: name 'urllib' is not defined
[trustly] fetch_failed: NameError: name 'urllib' is not defined
[kasisto] fetch_failed: NameError: name 'urllib' is not defined
[previse] fetch_failed: NameError: name 'urllib' is not defined
[logicgate] fetch_failed: NameError: name 'urllib' is not defined
[everc] fetch_failed: NameError: name 'urllib' is not defined
[linedata] fetch_failed: NameError: name 'urllib' is not defined
[zocdoc] fetch_failed: NameError: name 'urllib' is not defined
[doximity] fetch_failed: NameError: name 'urllib' is not defined
[komodohealth] fetch_failed: NameError: name 'urllib' is not defined
[definitivehealthcare] fetch_failed: NameError: name 'urllib' is not defined
[hingehealth] fetch_failed: NameError: name 'urllib' is not defined
[tempus] fetch_failed: NameError: name 'urllib' is not defined
[kyruus] fetch_failed: NameError: name 'urllib' is not defined
[includedhealth] fetch_failed: NameError: name 'urllib' is not defined
[omadahealth] fetch_failed: NameError: name 'urllib' is not defined
[cedar] fetch_failed: NameError: name 'urllib' is not defined
[particlehealth] fetch_failed: NameError: name 'urllib' is not defined
[medallion] fetch_failed: NameError: name 'urllib' is not defined
[swordhealth] fetch_failed: NameError: name 'urllib' is not defined
[clarifyhealth] fetch_failed: NameError: name 'urllib' is not defined
[innovaccer] fetch_failed: NameError: name 'urllib' is not defined
[rightwayhealthcare] fetch_failed: NameError: name 'urllib' is not defined
[ncontracts] fetch_failed: NameError: name 'urllib' is not defined
[venminder] fetch_failed: NameError: name 'urllib' is not defined
[alloy] fetch_failed: NameError: name 'urllib' is not defined
[unit21] fetch_failed: NameError: name 'urllib' is not defined
[nearside] fetch_failed: NameError: name 'urllib' is not defined
[trustly] fetch_failed: NameError: name 'urllib' is not defined
[kasisto] fetch_failed: NameError: name 'urllib' is not defined
[previse] fetch_failed: NameError: name 'urllib' is not defined
[logicgate] fetch_failed: NameError: name 'urllib' is not defined
[everc] fetch_failed: NameError: name 'urllib' is not defined
[linedata] fetch_failed: NameError: name 'urllib' is not defined
[zocdoc] fetch_failed: NameError: name 'urllib' is not defined
[doximity] fetch_failed: NameError: name 'urllib' is not defined
[komodohealth] fetch_failed: NameError: name 'urllib' is not defined
[definitivehealthcare] fetch_failed: NameError: name 'urllib' is not defined
[hingehealth] fetch_failed: NameError: name 'urllib' is not defined
[tempus] fetch_failed: NameError: name 'urllib' is not defined
[kyruus] fetch_failed: NameError: name 'urllib' is not defined
[includedhealth] fetch_failed: NameError: name 'urllib' is not defined
[omadahealth] fetch_failed: NameError: name 'urllib' is not defined
[cedar] fetch_failed: NameError: name 'urllib' is not defined
[particlehealth] fetch_failed: NameError: name 'urllib' is not defined
[medallion] fetch_failed: NameError: name 'urllib' is not defined
[swordhealth] fetch_failed: NameError: name 'urllib' is not defined
[clarifyhealth] fetch_failed: NameError: name 'urllib' is not defined
[innovaccer] fetch_failed: NameError: name 'urllib' is not defined
[rightwayhealthcare] fetch_failed: NameError: name 'urllib' is not defined
[ncontracts] fetch_failed: NameError: name 'urllib' is not defined
[venminder] fetch_failed: NameError: name 'urllib' is not defined
[alloy] fetch_failed: NameError: name 'urllib' is not defined
[unit21] fetch_failed: NameError: name 'urllib' is not defined
[nearside] fetch_failed: NameError: name 'urllib' is not defined
[trustly] fetch_failed: NameError: name 'urllib' is not defined
[kasisto] fetch_failed: NameError: name 'urllib' is not defined
[previse] fetch_failed: NameError: name 'urllib' is not defined
[logicgate] fetch_failed: NameError: name 'urllib' is not defined
[everc] fetch_failed: NameError: name 'urllib' is not defined
[linedata] fetch_failed: NameError: name 'urllib' is not defined
[zocdoc] fetch_failed: NameError: name 'urllib' is not defined
[doximity] fetch_failed: NameError: name 'urllib' is not defined
[komodohealth] fetch_failed: NameError: name 'urllib' is not defined
[definitivehealthcare] fetch_failed: NameError: name 'urllib' is not defined
[hingehealth] fetch_failed: NameError: name 'urllib' is not defined
[tempus] fetch_failed: NameError: name 'urllib' is not defined
[kyruus] fetch_failed: NameError: name 'urllib' is not defined
[includedhealth] fetch_failed: NameError: name 'urllib' is not defined
[omadahealth] fetch_failed: NameError: name 'urllib' is not defined
[cedar] fetch_failed: NameError: name 'urllib' is not defined
[particlehealth] fetch_failed: NameError: name 'urllib' is not defined
[medallion] fetch_failed: NameError: name 'urllib' is not defined
[swordhealth] fetch_failed: NameError: name 'urllib' is not defined
[clarifyhealth] fetch_failed: NameError: name 'urllib' is not defined
[innovaccer] fetch_failed: NameError: name 'urllib' is not defined
[rightwayhealthcare] fetch_failed: NameError: name 'urllib' is not defined
[ncontracts] fetch_failed: NameError: name 'urllib' is not defined
[venminder] fetch_failed: NameError: name 'urllib' is not defined
[alloy] fetch_failed: NameError: name 'urllib' is not defined
[unit21] fetch_failed: NameError: name 'urllib' is not defined
[nearside] fetch_failed: NameError: name 'urllib' is not defined
[trustly] fetch_failed: NameError: name 'urllib' is not defined
[kasisto] fetch_failed: NameError: name 'urllib' is not defined
[previse] fetch_failed: NameError: name 'urllib' is not defined
[logicgate] fetch_failed: NameError: name 'urllib' is not defined
[everc] fetch_failed: NameError: name 'urllib' is not defined
[linedata] fetch_failed: NameError: name 'urllib' is not defined
[zocdoc] fetch_failed: NameError: name 'urllib' is not defined
[doximity] fetch_failed: NameError: name 'urllib' is not defined
[komodohealth] fetch_failed: NameError: name 'urllib' is not defined
[definitivehealthcare] fetch_failed: NameError: name 'urllib' is not defined
[hingehealth] fetch_failed: NameError: name 'urllib' is not defined
[tempus] fetch_failed: NameError: name 'urllib' is not defined
[kyruus] fetch_failed: NameError: name 'urllib' is not defined
[includedhealth] fetch_failed: NameError: name 'urllib' is not defined
[omadahealth] fetch_failed: NameError: name 'urllib' is not defined
[cedar] fetch_failed: NameError: name 'urllib' is not defined
[particlehealth] fetch_failed: NameError: name 'urllib' is not defined
[medallion] fetch_failed: NameError: name 'urllib' is not defined
[swordhealth] fetch_failed: NameError: name 'urllib' is not defined
[clarifyhealth] fetch_failed: NameError: name 'urllib' is not defined
[innovaccer] fetch_failed: NameError: name 'urllib' is not defined
[rightwayhealthcare] fetch_failed: NameError: name 'urllib' is not defined
[ncontracts] fetch_failed: NameError: name 'urllib' is not defined
[venminder] fetch_failed: NameError: name 'urllib' is not defined
[alloy] fetch_failed: NameError: name 'urllib' is not defined
[unit21] fetch_failed: NameError: name 'urllib' is not defined
[nearside] fetch_failed: NameError: name 'urllib' is not defined
[trustly] fetch_failed: NameError: name 'urllib' is not defined
[kasisto] fetch_failed: NameError: name 'urllib' is not defined
[previse] fetch_failed: NameError: name 'urllib' is not defined
[logicgate] fetch_failed: NameError: name 'urllib' is not defined
[everc] fetch_failed: NameError: name 'urllib' is not defined
[linedata] fetch_failed: NameError: name 'urllib' is not defined
[zocdoc] fetch_failed: NameError: name 'urllib' is not defined
[doximity] fetch_failed: NameError: name 'urllib' is not defined
[komodohealth] fetch_failed: NameError: name 'urllib' is not defined
[definitivehealthcare] fetch_failed: NameError: name 'urllib' is not defined
[hingehealth] fetch_failed: NameError: name 'urllib' is not defined
[tempus] fetch_failed: NameError: name 'urllib' is not defined
[kyruus] fetch_failed: NameError: name 'urllib' is not defined
[includedhealth] fetch_failed: NameError: name 'urllib' is not defined
[omadahealth] fetch_failed: NameError: name 'urllib' is not defined
[cedar] fetch_failed: NameError: name 'urllib' is not defined
[particlehealth] fetch_failed: NameError: name 'urllib' is not defined
[medallion] fetch_failed: NameError: name 'urllib' is not defined
[swordhealth] fetch_failed: NameError: name 'urllib' is not defined
[clarifyhealth] fetch_failed: NameError: name 'urllib' is not defined
[innovaccer] fetch_failed: NameError: name 'urllib' is not defined
[rightwayhealthcare] fetch_failed: NameError: name 'urllib' is not defined
[ncontracts] fetch_failed: NameError: name 'urllib' is not defined
[venminder] fetch_failed: NameError: name 'urllib' is not defined
[alloy] fetch_failed: NameError: name 'urllib' is not defined
[unit21] fetch_failed: NameError: name 'urllib' is not defined
[nearside] fetch_failed: NameError: name 'urllib' is not defined
[trustly] fetch_failed: NameError: name 'urllib' is not defined
[kasisto] fetch_failed: NameError: name 'urllib' is not defined
[previse] fetch_failed: NameError: name 'urllib' is not defined
[logicgate] fetch_failed: NameError: name 'urllib' is not defined
[everc] fetch_failed: NameError: name 'urllib' is not defined
[linedata] fetch_failed: NameError: name 'urllib' is not defined
[zocdoc] fetch_failed: NameError: name 'urllib' is not defined
[doximity] fetch_failed: NameError: name 'urllib' is not defined
[komodohealth] fetch_failed: NameError: name 'urllib' is not defined
[definitivehealthcare] fetch_failed: NameError: name 'urllib' is not defined
[hingehealth] fetch_failed: NameError: name 'urllib' is not defined
[tempus] fetch_failed: NameError: name 'urllib' is not defined
[kyruus] fetch_failed: NameError: name 'urllib' is not defined
[includedhealth] fetch_failed: NameError: name 'urllib' is not defined
[omadahealth] fetch_failed: NameError: name 'urllib' is not defined
[cedar] fetch_failed: NameError: name 'urllib' is not defined
[particlehealth] fetch_failed: NameError: name 'urllib' is not defined
[medallion] fetch_failed: NameError: name 'urllib' is not defined
[swordhealth] fetch_failed: NameError: name 'urllib' is not defined
[clarifyhealth] fetch_failed: NameError: name 'urllib' is not defined
[innovaccer] fetch_failed: NameError: name 'urllib' is not defined
[rightwayhealthcare] fetch_failed: NameError: name 'urllib' is not defined
[ncontracts] fetch_failed: NameError: name 'urllib' is not defined
[venminder] fetch_failed: NameError: name 'urllib' is not defined
[alloy] fetch_failed: NameError: name 'urllib' is not defined
[unit21] fetch_failed: NameError: name 'urllib' is not defined
[nearside] fetch_failed: NameError: name 'urllib' is not defined
[trustly] fetch_failed: NameError: name 'urllib' is not defined
[kasisto] fetch_failed: NameError: name 'urllib' is not defined
[previse] fetch_failed: NameError: name 'urllib' is not defined
[logicgate] fetch_failed: NameError: name 'urllib' is not defined
[everc] fetch_failed: NameError: name 'urllib' is not defined
[linedata] fetch_failed: NameError: name 'urllib' is not defined
[zocdoc] fetch_failed: NameError: name 'urllib' is not defined
[doximity] fetch_failed: NameError: name 'urllib' is not defined
[komodohealth] fetch_failed: NameError: name 'urllib' is not defined
[definitivehealthcare] fetch_failed: NameError: name 'urllib' is not defined
[hingehealth] fetch_failed: NameError: name 'urllib' is not defined
[tempus] fetch_failed: NameError: name 'urllib' is not defined
[kyruus] fetch_failed: NameError: name 'urllib' is not defined
[includedhealth] fetch_failed: NameError: name 'urllib' is not defined
[omadahealth] fetch_failed: NameError: name 'urllib' is not defined
[cedar] fetch_failed: NameError: name 'urllib' is not defined
[particlehealth] fetch_failed: NameError: name 'urllib' is not defined
[medallion] fetch_failed: NameError: name 'urllib' is not defined
[swordhealth] fetch_failed: NameError: name 'urllib' is not defined
[clarifyhealth] fetch_failed: NameError: name 'urllib' is not defined
[innovaccer] fetch_failed: NameError: name 'urllib' is not defined
[rightwayhealthcare] fetch_failed: NameError: name 'urllib' is not defined
[ncontracts] fetch_failed: NameError: name 'urllib' is not defined
[venminder] fetch_failed: NameError: name 'urllib' is not defined
[alloy] fetch_failed: NameError: name 'urllib' is not defined
[unit21] fetch_failed: NameError: name 'urllib' is not defined
[nearside] fetch_failed: NameError: name 'urllib' is not defined
[trustly] fetch_failed: NameError: name 'urllib' is not defined
[kasisto] fetch_failed: NameError: name 'urllib' is not defined
[previse] fetch_failed: NameError: name 'urllib' is not defined
[logicgate] fetch_failed: NameError: name 'urllib' is not defined
[everc] fetch_failed: NameError: name 'urllib' is not defined
[linedata] fetch_failed: NameError: name 'urllib' is not defined
[zocdoc] fetch_failed: NameError: name 'urllib' is not defined
[doximity] fetch_failed: NameError: name 'urllib' is not defined
[komodohealth] fetch_failed: NameError: name 'urllib' is not defined
[definitivehealthcare] fetch_failed: NameError: name 'urllib' is not defined
[hingehealth] fetch_failed: NameError: name 'urllib' is not defined
[tempus] fetch_failed: NameError: name 'urllib' is not defined
[kyruus] fetch_failed: NameError: name 'urllib' is not defined
[includedhealth] fetch_failed: NameError: name 'urllib' is not defined
[omadahealth] fetch_failed: NameError: name 'urllib' is not defined
[cedar] fetch_failed: NameError: name 'urllib' is not defined
[particlehealth] fetch_failed: NameError: name 'urllib' is not defined
[medallion] fetch_failed: NameError: name 'urllib' is not defined
[swordhealth] fetch_failed: NameError: name 'urllib' is not defined
[clarifyhealth] fetch_failed: NameError: name 'urllib' is not defined
[innovaccer] fetch_failed: NameError: name 'urllib' is not defined
[rightwayhealthcare] fetch_failed: NameError: name 'urllib' is not defined
[ncontracts] fetch_failed: NameError: name 'urllib' is not defined
[venminder] fetch_failed: NameError: name 'urllib' is not defined
[alloy] fetch_failed: NameError: name 'urllib' is not defined
[unit21] fetch_failed: NameError: name 'urllib' is not defined
[nearside] fetch_failed: NameError: name 'urllib' is not defined
[trustly] fetch_failed: NameError: name 'urllib' is not defined
[kasisto] fetch_failed: NameError: name 'urllib' is not defined
[previse] fetch_failed: NameError: name 'urllib' is not defined
[logicgate] fetch_failed: NameError: name 'urllib' is not defined
[everc] fetch_failed: NameError: name 'urllib' is not defined
[linedata] fetch_failed: NameError: name 'urllib' is not defined
[zocdoc] fetch_failed: NameError: name 'urllib' is not defined
[doximity] fetch_failed: NameError: name 'urllib' is not defined
[komodohealth] fetch_failed: NameError: name 'urllib' is not defined
[definitivehealthcare] fetch_failed: NameError: name 'urllib' is not defined
[hingehealth] fetch_failed: NameError: name 'urllib' is not defined
[tempus] fetch_failed: NameError: name 'urllib' is not defined
[kyruus] fetch_failed: NameError: name 'urllib' is not defined
[includedhealth] fetch_failed: NameError: name 'urllib' is not defined
[omadahealth] fetch_failed: NameError: name 'urllib' is not defined
[cedar] fetch_failed: NameError: name 'urllib' is not defined
[particlehealth] fetch_failed: NameError: name 'urllib' is not defined
[medallion] fetch_failed: NameError: name 'urllib' is not defined
[swordhealth] fetch_failed: NameError: name 'urllib' is not defined
[clarifyhealth] fetch_failed: NameError: name 'urllib' is not defined
[innovaccer] fetch_failed: NameError: name 'urllib' is not defined
[rightwayhealthcare] fetch_failed: NameError: name 'urllib' is not defined
[ncontracts] fetch_failed: NameError: name 'urllib' is not defined
[venminder] fetch_failed: NameError: name 'urllib' is not defined
[alloy] fetch_failed: NameError: name 'urllib' is not defined
[unit21] fetch_failed: NameError: name 'urllib' is not defined
[nearside] fetch_failed: NameError: name 'urllib' is not defined
[trustly] fetch_failed: NameError: name 'urllib' is not defined
[kasisto] fetch_failed: NameError: name 'urllib' is not defined
[previse] fetch_failed: NameError: name 'urllib' is not defined
[logicgate] fetch_failed: NameError: name 'urllib' is not defined
[everc] fetch_failed: NameError: name 'urllib' is not defined
[linedata] fetch_failed: NameError: name 'urllib' is not defined
[zocdoc] fetch_failed: NameError: name 'urllib' is not defined
[doximity] fetch_failed: NameError: name 'urllib' is not defined
[komodohealth] fetch_failed: NameError: name 'urllib' is not defined
[definitivehealthcare] fetch_failed: NameError: name 'urllib' is not defined
[hingehealth] fetch_failed: NameError: name 'urllib' is not defined
[tempus] fetch_failed: NameError: name 'urllib' is not defined
[kyruus] fetch_failed: NameError: name 'urllib' is not defined
[includedhealth] fetch_failed: NameError: name 'urllib' is not defined
[omadahealth] fetch_failed: NameError: name 'urllib' is not defined
[cedar] fetch_failed: NameError: name 'urllib' is not defined
[particlehealth] fetch_failed: NameError: name 'urllib' is not defined
[medallion] fetch_failed: NameError: name 'urllib' is not defined
[swordhealth] fetch_failed: NameError: name 'urllib' is not defined
[clarifyhealth] fetch_failed: NameError: name 'urllib' is not defined
[innovaccer] fetch_failed: NameError: name 'urllib' is not defined
[rightwayhealthcare] fetch_failed: NameError: name 'urllib' is not defined
[ncontracts] fetch_failed: NameError: name 'urllib' is not defined
[venminder] fetch_failed: NameError: name 'urllib' is not defined
[alloy] fetch_failed: NameError: name 'urllib' is not defined
[unit21] fetch_failed: NameError: name 'urllib' is not defined
[nearside] fetch_failed: NameError: name 'urllib' is not defined
[trustly] fetch_failed: NameError: name 'urllib' is not defined
[kasisto] fetch_failed: NameError: name 'urllib' is not defined
[previse] fetch_failed: NameError: name 'urllib' is not defined
[logicgate] fetch_failed: NameError: name 'urllib' is not defined
[everc] fetch_failed: NameError: name 'urllib' is not defined
[linedata] fetch_failed: NameError: name 'urllib' is not defined
[zocdoc] fetch_failed: NameError: name 'urllib' is not defined
[doximity] fetch_failed: NameError: name 'urllib' is not defined
[komodohealth] fetch_failed: NameError: name 'urllib' is not defined
[definitivehealthcare] fetch_failed: NameError: name 'urllib' is not defined
[hingehealth] fetch_failed: NameError: name 'urllib' is not defined
[tempus] fetch_failed: NameError: name 'urllib' is not defined
[kyruus] fetch_failed: NameError: name 'urllib' is not defined
[includedhealth] fetch_failed: NameError: name 'urllib' is not defined
[omadahealth] fetch_failed: NameError: name 'urllib' is not defined
[cedar] fetch_failed: NameError: name 'urllib' is not defined
[particlehealth] fetch_failed: NameError: name 'urllib' is not defined
[medallion] fetch_failed: NameError: name 'urllib' is not defined
[swordhealth] fetch_failed: NameError: name 'urllib' is not defined
[clarifyhealth] fetch_failed: NameError: name 'urllib' is not defined
[innovaccer] fetch_failed: NameError: name 'urllib' is not defined
[rightwayhealthcare] fetch_failed: NameError: name 'urllib' is not defined
[glacierbancorp] fetch_failed: NameError: name 'urllib' is not defined
[atlanticunionbankshares] fetch_failed: NameError: name 'urllib' is not defined
[customersbancorp] fetch_failed: NameError: name 'urllib' is not defined
[westmonroepartners] fetch_failed: NameError: name 'urllib' is not defined
[auditboard] fetch_failed: NameError: name 'urllib' is not defined
[logicgate] fetch_failed: NameError: name 'urllib' is not defined
[metricstream] fetch_failed: NameError: name 'urllib' is not defined
[processunity] fetch_failed: NameError: name 'urllib' is not defined
[aravosolutions] fetch_failed: NameError: name 'urllib' is not defined
[riskonnect] fetch_failed: NameError: name 'urllib' is not defined
[ncino] fetch_failed: NameError: name 'urllib' is not defined
[alloy] fetch_failed: NameError: name 'urllib' is not defined
[socure] fetch_failed: NameError: name 'urllib' is not defined
