[alan] https://api.welcometothejungle.com/api/v1/organizations/alan/jobs?per_page=100: HTTPError: HTTP Error 404: Not Found
[alan] OK https://api.welcometothejungle.com/api/v1/organizations/alan: 8825 bytes
[alan] JSON top-level keys: ['organization']
[alan] org keys: ['cover', 'cover_position', 'default_language', 'description', 'equality_indexes', 'expansion_metadata', 'expansion_migration', 'labels', 'logo', 'media_website_url', 'name', 'nb_employees', 'offices', 'profile_type', 'reference', 'sectors', 'slug', 'updated_at', 'urls', 'video_cover', 'website_organization']
[alan] NO jobs found via any strategy
[doctolib] https://api.welcometothejungle.com/api/v1/organizations/doctolib/jobs?per_page=100: HTTPError: HTTP Error 404: Not Found
[doctolib] OK https://api.welcometothejungle.com/api/v1/organizations/doctolib: 4653 bytes
[doctolib] JSON top-level keys: ['organization']
[doctolib] org keys: ['cover', 'cover_position', 'default_language', 'equality_indexes', 'expansion_metadata', 'expansion_migration', 'labels', 'logo', 'media_website_url', 'name', 'nb_employees', 'offices', 'profile_type', 'reference', 'sectors', 'slug', 'updated_at', 'urls', 'video_cover', 'website_organization']
[doctolib] NO jobs found via any strategy
[withings] https://api.welcometothejungle.com/api/v1/organizations/withings/jobs?per_page=100: HTTPError: HTTP Error 404: Not Found
[withings] OK https://api.welcometothejungle.com/api/v1/organizations/withings: 4306 bytes
[withings] JSON top-level keys: ['organization']
[withings] org keys: ['cover', 'cover_position', 'default_language', 'equality_indexes', 'expansion_metadata', 'expansion_migration', 'labels', 'logo', 'media_website_url', 'name', 'nb_employees', 'offices', 'profile_type', 'reference', 'sectors', 'slug', 'updated_at', 'urls', 'video_cover', 'website_organization']
[withings] NO jobs found via any strategy
[owkin] https://api.welcometothejungle.com/api/v1/organizations/owkin/jobs?per_page=100: HTTPError: HTTP Error 404: Not Found
[owkin] OK https://api.welcometothejungle.com/api/v1/organizations/owkin: 8462 bytes
[owkin] JSON top-level keys: ['organization']
[owkin] org keys: ['cover', 'cover_position', 'default_language', 'equality_indexes', 'expansion_metadata', 'expansion_migration', 'labels', 'logo', 'media_website_url', 'name', 'nb_employees', 'offices', 'profile_type', 'reference', 'sectors', 'slug', 'updated_at', 'urls', 'video_cover', 'website_organization']
[owkin] NO jobs found via any strategy
[qonto] https://api.welcometothejungle.com/api/v1/organizations/qonto/jobs?per_page=100: HTTPError: HTTP Error 404: Not Found
[qonto] OK https://api.welcometothejungle.com/api/v1/organizations/qonto: 9757 bytes
[qonto] JSON top-level keys: ['organization']
[qonto] org keys: ['cover', 'cover_position', 'default_language', 'equality_indexes', 'expansion_metadata', 'expansion_migration', 'labels', 'logo', 'media_website_url', 'name', 'nb_employees', 'offices', 'profile_type', 'reference', 'sectors', 'slug', 'updated_at', 'urls', 'video_cover', 'website_organization']
[qonto] NO jobs found via any strategy
[spendesk] https://api.welcometothejungle.com/api/v1/organizations/spendesk/jobs?per_page=100: HTTPError: HTTP Error 404: Not Found
[spendesk] OK https://api.welcometothejungle.com/api/v1/organizations/spendesk: 8378 bytes
[spendesk] JSON top-level keys: ['organization']
[spendesk] org keys: ['cover', 'cover_position', 'default_language', 'equality_indexes', 'expansion_metadata', 'expansion_migration', 'labels', 'logo', 'media_website_url', 'name', 'nb_employees', 'offices', 'profile_type', 'reference', 'sectors', 'slug', 'updated_at', 'urls', 'video_cover', 'website_organization']
[spendesk] NO jobs found via any strategy
[pennylane-2] https://api.welcometothejungle.com/api/v1/organizations/pennylane-2/jobs?per_page=100: HTTPError: HTTP Error 404: Not Found
[pennylane-2] https://api.welcometothejungle.com/api/v1/organizations/pennylane-2: HTTPError: HTTP Error 404: Not Found
[pennylane-2] https://www.welcometothejungle.com/en/companies/pennylane-2/jobs: HTTP 202
[pennylane-2] all candidates failed — Cloudflare bot protection probably active
[ledger] https://api.welcometothejungle.com/api/v1/organizations/ledger/jobs?per_page=100: HTTPError: HTTP Error 404: Not Found
[ledger] OK https://api.welcometothejungle.com/api/v1/organizations/ledger: 8498 bytes
[ledger] JSON top-level keys: ['organization']
[ledger] org keys: ['cover', 'cover_position', 'default_language', 'equality_indexes', 'expansion_metadata', 'expansion_migration', 'labels', 'logo', 'media_website_url', 'name', 'nb_employees', 'offices', 'profile_type', 'reference', 'sectors', 'slug', 'updated_at', 'urls', 'video_cover', 'website_organization']
[ledger] NO jobs found via any strategy
[swile] https://api.welcometothejungle.com/api/v1/organizations/swile/jobs?per_page=100: HTTPError: HTTP Error 404: Not Found
[swile] OK https://api.welcometothejungle.com/api/v1/organizations/swile: 7343 bytes
[swile] JSON top-level keys: ['organization']
[swile] org keys: ['cover', 'cover_position', 'default_language', 'equality_indexes', 'expansion_metadata', 'expansion_migration', 'labels', 'logo', 'media_website_url', 'name', 'nb_employees', 'offices', 'profile_type', 'reference', 'sectors', 'slug', 'updated_at', 'urls', 'video_cover', 'website_organization']
[swile] NO jobs found via any strategy
[algolia] https://api.welcometothejungle.com/api/v1/organizations/algolia/jobs?per_page=100: HTTPError: HTTP Error 404: Not Found
[algolia] OK https://api.welcometothejungle.com/api/v1/organizations/algolia: 13268 bytes
[algolia] JSON top-level keys: ['organization']
[algolia] org keys: ['cover', 'cover_position', 'default_language', 'equality_indexes', 'expansion_metadata', 'expansion_migration', 'labels', 'logo', 'media_website_url', 'name', 'nb_employees', 'offices', 'profile_type', 'reference', 'sectors', 'slug', 'updated_at', 'urls', 'video_cover', 'website_organization']
[algolia] NO jobs found via any strategy
[datadog] https://api.welcometothejungle.com/api/v1/organizations/datadog/jobs?per_page=100: HTTPError: HTTP Error 404: Not Found
[datadog] OK https://api.welcometothejungle.com/api/v1/organizations/datadog: 11315 bytes
[datadog] JSON top-level keys: ['organization']
[datadog] org keys: ['cover', 'cover_position', 'default_language', 'description', 'equality_indexes', 'expansion_metadata', 'expansion_migration', 'labels', 'logo', 'media_website_url', 'name', 'nb_employees', 'offices', 'profile_type', 'reference', 'sectors', 'slug', 'updated_at', 'urls', 'video_cover', 'website_organization']
[datadog] NO jobs found via any strategy
[datadome] https://api.welcometothejungle.com/api/v1/organizations/datadome/jobs?per_page=100: HTTPError: HTTP Error 404: Not Found
[datadome] OK https://api.welcometothejungle.com/api/v1/organizations/datadome: 8654 bytes
[datadome] JSON top-level keys: ['organization']
[datadome] org keys: ['cover', 'cover_position', 'default_language', 'equality_indexes', 'expansion_metadata', 'expansion_migration', 'labels', 'logo', 'media_website_url', 'name', 'nb_employees', 'offices', 'profile_type', 'reference', 'sectors', 'slug', 'updated_at', 'urls', 'video_cover', 'website_organization']
[datadome] NO jobs found via any strategy
[blablacar] https://api.welcometothejungle.com/api/v1/organizations/blablacar/jobs?per_page=100: HTTPError: HTTP Error 404: Not Found
[blablacar] OK https://api.welcometothejungle.com/api/v1/organizations/blablacar: 8367 bytes
[blablacar] JSON top-level keys: ['organization']
[blablacar] org keys: ['cover', 'cover_position', 'default_language', 'equality_indexes', 'expansion_metadata', 'expansion_migration', 'labels', 'logo', 'media_website_url', 'name', 'nb_employees', 'offices', 'profile_type', 'reference', 'sectors', 'slug', 'updated_at', 'urls', 'video_cover', 'website_organization']
[blablacar] NO jobs found via any strategy
[back-market] https://api.welcometothejungle.com/api/v1/organizations/back-market/jobs?per_page=100: HTTPError: HTTP Error 404: Not Found
[back-market] OK https://api.welcometothejungle.com/api/v1/organizations/back-market: 14668 bytes
[back-market] JSON top-level keys: ['organization']
[back-market] org keys: ['cover', 'cover_position', 'default_language', 'equality_indexes', 'expansion_metadata', 'expansion_migration', 'labels', 'logo', 'media_website_url', 'name', 'nb_employees', 'offices', 'profile_type', 'reference', 'sectors', 'slug', 'updated_at', 'urls', 'video_cover', 'website_organization']
[back-market] NO jobs found via any strategy
[mirakl] https://api.welcometothejungle.com/api/v1/organizations/mirakl/jobs?per_page=100: HTTPError: HTTP Error 404: Not Found
[mirakl] OK https://api.welcometothejungle.com/api/v1/organizations/mirakl: 15398 bytes
[mirakl] JSON top-level keys: ['organization']
[mirakl] org keys: ['cover', 'cover_position', 'default_language', 'equality_indexes', 'expansion_metadata', 'expansion_migration', 'labels', 'logo', 'media_website_url', 'name', 'nb_employees', 'offices', 'profile_type', 'reference', 'sectors', 'slug', 'updated_at', 'urls', 'video_cover', 'website_organization']
[mirakl] NO jobs found via any strategy
[shift-technology] https://api.welcometothejungle.com/api/v1/organizations/shift-technology/jobs?per_page=100: HTTPError: HTTP Error 404: Not Found
[shift-technology] OK https://api.welcometothejungle.com/api/v1/organizations/shift-technology: 17986 bytes
[shift-technology] JSON top-level keys: ['organization']
[shift-technology] org keys: ['cover', 'cover_position', 'default_language', 'description', 'equality_indexes', 'expansion_metadata', 'expansion_migration', 'labels', 'logo', 'media_website_url', 'name', 'nb_employees', 'offices', 'profile_type', 'reference', 'sectors', 'slug', 'updated_at', 'urls', 'video_cover', 'website_organization']
[shift-technology] NO jobs found via any strategy
