[2026-05-20T00:41:40.308133+00:00] navigating to workatastartup.com/jobs
[2026-05-20T00:41:45.377987+00:00] falling back to DOM scrape
[2026-05-20T00:41:51.428168+00:00] DOM scrape: found 60 candidate anchors
[2026-05-20T00:41:51.819232+00:00] scraped 54 jobs total
[2026-05-20T00:41:51.819986+00:00] wrote data/yc_jobs.json
[2026-05-20T00:44:08.994069+00:00] navigating to workatastartup.com/jobs
[2026-05-20T00:44:15.219144+00:00] falling back to DOM scrape
[2026-05-20T00:44:21.258610+00:00] DOM scrape: found 60 candidate anchors
[2026-05-20T00:44:21.597206+00:00] scraped 30 jobs total
[2026-05-20T00:44:21.597720+00:00] wrote data/yc_jobs.json
[2026-05-20T12:41:01.604751+00:00] navigating to workatastartup.com/jobs
[2026-05-20T12:41:07.000123+00:00] falling back to DOM scrape
[2026-05-20T12:41:13.048329+00:00] DOM scrape: found 60 candidate anchors
[2026-05-20T12:41:13.447983+00:00] scraped 30 jobs total
[2026-05-20T12:41:13.448756+00:00] wrote data/yc_jobs.json
[2026-05-21T14:23:31.875659+00:00] navigating to workatastartup.com/jobs
[2026-05-21T14:23:37.302800+00:00] falling back to DOM scrape
[2026-05-21T14:23:43.354693+00:00] DOM scrape: found 60 candidate anchors
[2026-05-21T14:23:43.749669+00:00] scraped 30 jobs total
[2026-05-21T14:23:43.750259+00:00] wrote data/yc_jobs.json
[2026-05-22T12:36:45.011052+00:00] navigating to workatastartup.com/jobs
[2026-05-22T12:36:50.675009+00:00] falling back to DOM scrape
[2026-05-22T12:36:56.721158+00:00] DOM scrape: found 60 candidate anchors
[2026-05-22T12:36:57.116844+00:00] scraped 30 jobs total
[2026-05-22T12:36:57.117444+00:00] wrote data/yc_jobs.json
[2026-05-23T10:14:18.223676+00:00] navigating to workatastartup.com/jobs
[2026-05-23T10:14:23.378399+00:00] falling back to DOM scrape
[2026-05-23T10:14:29.429116+00:00] DOM scrape: found 60 candidate anchors
[2026-05-23T10:14:29.835273+00:00] scraped 30 jobs total
[2026-05-23T10:14:29.835814+00:00] wrote data/yc_jobs.json
