[vc-portfolio] loaded 75 discovered companies
[healthtech] loaded 442 curated companies
[industries] mapped 408 companies; default=['healthcare', 'healthcare-it', 'digital-health', 'health-saas', 'pharma', 'pharmaceuticals', 'biotech', 'life-sciences', 'diagnostics', 'telehealth', 'mental-health', 'clinical-ai']
[users] loaded 4 from Worker
[user-targets] merged 409 per-user companies (greenhouse=23, lever=34, ashby=33, wttj=34, workday=13); skipped 0 non-routable
[vc-portfolio] merged 55 discovered companies into scrape pool
[healthtech] merged 355 catalog companies into scrape pool
[industries] mapped 816 companies; default=['healthcare', 'healthcare-it', 'digital-health', 'health-saas', 'pharma', 'pharmaceuticals', 'biotech', 'life-sciences', 'diagnostics', 'telehealth', 'mental-health', 'clinical-ai']

[greenhouse] 468 companies
[vc-portfolio] loaded 75 discovered companies
[healthtech] loaded 442 curated companies
  [1/468] oscar: 262 jobs
  [2/468] acuitymd: 9 jobs
  [3/468] sondermind: 0 jobs (slug may be invalid)
  [4/468] linushealth: 0 jobs (slug may be invalid)
  [5/468] clipboardhealth: 0 jobs (slug may be invalid)
  [6/468] picnichealth: 0 jobs (slug may be invalid)
  [7/468] carerev: 0 jobs (slug may be invalid)
  [8/468] abarca: 0 jobs (slug may be invalid)
  [9/468] modernhealth: 11 jobs
  [10/468] roivantsciences: 10 jobs
  [11/468] waymark: 20 jobs
  [12/468] freenome: 23 jobs
  [13/468] bridgebio: 65 jobs
  [14/468] formationbio: 23 jobs
  [15/468] honehealth: 11 jobs
  [16/468] cerebral: 0 jobs (slug may be invalid)
  [17/468] foresightmentalhealth: 3 jobs
  [18/468] hs: 3 jobs
  [19/468] springhealth66: 0 jobs (slug may be invalid)
  [20/468] prolaio: 6 jobs
  [21/468] prescriberpoint: 3 jobs
  [22/468] lumimeds: 34 jobs
  [23/468] smarterdxprivate: 0 jobs (slug may be invalid)
  [24/468] smarterdx: 4 jobs
  [25/468] midihealth: 43 jobs
  [26/468] shieldshealthsolutions: 85 jobs
  [27/468] coherehealth: 77 jobs
  [28/468] allarahealth: 0 jobs (slug may be invalid)
  [29/468] courierhealth: 17 jobs
  [30/468] garnerhealth: 74 jobs
  [31/468] evio: 5 jobs
  [32/468] cofertility: 4 jobs
  [33/468] carrotfertility: 12 jobs
  [34/468] branchcare: 0 jobs (slug may be invalid)
  [35/468] pomelocare: 0 jobs (slug may be invalid)
  [36/468] openfertility: 1 jobs
  [37/468] mavenclinic: 38 jobs
  [38/468] sparkadvisors: 10 jobs
  [39/468] wellth: 0 jobs (slug may be invalid)
  [40/468] employerdirecthealthcare: 34 jobs
  [41/468] habitathealth: 57 jobs
  [42/468] authorhealth: 0 jobs (slug may be invalid)
  [43/468] omadahealth: 17 jobs
  [44/468] phamily: 0 jobs (slug may be invalid)
  [45/468] interwellhealth: 11 jobs
  [46/468] smartertechnologies: 0 jobs (slug may be invalid)
  [47/468] redcellpartners: 22 jobs
  [48/468] inovalon: 0 jobs (slug may be invalid)
  [49/468] layerhealth: 16 jobs
  [50/468] jukeboxhealth: 28 jobs
  [51/468] qualifiedhealth: 0 jobs (slug may be invalid)
  [52/468] tuleahealth: 4 jobs
  [53/468] precisionmedicinegroup: 180 jobs
  [54/468] peptilogics: 3 jobs
  [55/468] recursionpharmaceuticals: 12 jobs
  [56/468] headlandsresearch: 60 jobs
  [57/468] yarrowbiotechnology: 0 jobs (slug may be invalid)
  [58/468] synerg: 38 jobs
  [59/468] immunomeinc: 31 jobs
  [60/468] cedar: 0 jobs (slug may be invalid)
  [61/468] hingehealth: 0 jobs (slug may be invalid)
  [62/468] carbonhealth: 0 jobs (slug may be invalid)
  [63/468] color: 0 jobs (slug may be invalid)
  [64/468] komodohealth: 26 jobs
  [65/468] includedhealth: 0 jobs (slug may be invalid)
  [66/468] headway: 0 jobs (slug may be invalid)
  [67/468] lyrahealth: 0 jobs (slug may be invalid)
  [68/468] ro: 0 jobs (slug may be invalid)
  [69/468] curology: 0 jobs (slug may be invalid)
  [70/468] khealth: 0 jobs (slug may be invalid)
  [71/468] thirtymadison: 0 jobs (slug may be invalid)
  [72/468] nourish: 0 jobs (slug may be invalid)
  [73/468] abridge: 0 jobs (slug may be invalid)
  [74/468] transcarent: 0 jobs (slug may be invalid)
  [75/468] tempus: 0 jobs (slug may be invalid)
  [76/468] flatiron: 0 jobs (slug may be invalid)
  [77/468] ribbonhealth: 0 jobs (slug may be invalid)
  [78/468] evidation: 0 jobs (slug may be invalid)
  [79/468] alma: 0 jobs (slug may be invalid)
  [80/468] talkiatry: 0 jobs (slug may be invalid)
  [81/468] brightline: 0 jobs (slug may be invalid)
  [82/468] amwell: 10 jobs
  [83/468] doximity: 16 jobs
  [84/468] veeva: 0 jobs (slug may be invalid)
  [85/468] guardanthealth: 0 jobs (slug may be invalid)
  [86/468] recursion: 0 jobs (slug may be invalid)
  [87/468] veracyte: 31 jobs
  [88/468] benchling: 0 jobs (slug may be invalid)
  [89/468] moderna: 0 jobs (slug may be invalid)
  [90/468] 23andme: 0 jobs (slug may be invalid)
  [91/468] tendo: 0 jobs (slug may be invalid)
  [92/468] memora: 0 jobs (slug may be invalid)
  [93/468] wellsky: 0 jobs (slug may be invalid)
  [94/468] papacompanies: 0 jobs (slug may be invalid)
  [95/468] vivahealth: 0 jobs (slug may be invalid)
  [96/468] biofourmis: 1 jobs
  [97/468] ada: 0 jobs (slug may be invalid)
  [98/468] buoy: 0 jobs (slug may be invalid)
  [99/468] kindbody: 0 jobs (slug may be invalid)
  [100/468] tia: 29 jobs
  [101/468] hims: 0 jobs (slug may be invalid)
  [102/468] noom: 0 jobs (slug may be invalid)
  [103/468] calm: 2 jobs
  [104/468] vidaheath: 0 jobs (slug may be invalid)
  [105/468] sword: 0 jobs (slug may be invalid)
  [106/468] kaiahealth: 0 jobs (slug may be invalid)
  [107/468] ginger: 0 jobs (slug may be invalid)
  [108/468] rula: 0 jobs (slug may be invalid)
  [109/468] octave: 16 jobs
  [110/468] rightway: 5 jobs
  [111/468] centivo: 0 jobs (slug may be invalid)
  [112/468] collectivehealth: 1 jobs
  [113/468] accolade: 0 jobs (slug may be invalid)
  [114/468] evolenthealth: 0 jobs (slug may be invalid)
  [115/468] iodine: 0 jobs (slug may be invalid)
  [116/468] innovaccer: 0 jobs (slug may be invalid)
  [117/468] cotiviti: 0 jobs (slug may be invalid)
  [118/468] datavant: 0 jobs (slug may be invalid)
  [119/468] trialspark: 0 jobs (slug may be invalid)
  [120/468] paige: 0 jobs (slug may be invalid)
  [121/468] pathai: 14 jobs
  [122/468] truveta: 37 jobs
  [123/468] athelas: 0 jobs (slug may be invalid)
  [124/468] olive: 0 jobs (slug may be invalid)
  [125/468] altopharmacy: 0 jobs (slug may be invalid)
  [126/468] capsule: 0 jobs (slug may be invalid)
  [127/468] vivante: 0 jobs (slug may be invalid)
  [128/468] ?: 723 jobs
  [129/468] ?: 0 jobs (slug may be invalid)
  [130/468] ?: 283 jobs
  [131/468] ?: 65 jobs
  [132/468] ?: 64 jobs
  [133/468] ?: 159 jobs
  [134/468] ?: 186 jobs
  [135/468] ?: 74 jobs
  [136/468] ?: 226 jobs
  [137/468] ?: 0 jobs (slug may be invalid)
  [138/468] ?: 15 jobs
  [139/468] ?: 0 jobs (slug may be invalid)
  [140/468] ?: 56 jobs
  [141/468] ?: 28 jobs
  [142/468] ?: 0 jobs (slug may be invalid)
  [143/468] ?: 0 jobs (slug may be invalid)
  [144/468] ?: 34 jobs
  [145/468] ?: 418 jobs
  [146/468] ?: 0 jobs (slug may be invalid)
  [147/468] ?: 0 jobs (slug may be invalid)
  [148/468] ?: 0 jobs (slug may be invalid)
  [149/468] ?: 0 jobs (slug may be invalid)
  [150/468] ?: 0 jobs (slug may be invalid)
  [151/468] ?: 377 jobs
  [152/468] ?: 92 jobs
  [153/468] ?: 0 jobs (slug may be invalid)
  [154/468] ?: 0 jobs (slug may be invalid)
  [155/468] ?: 34 jobs
  [156/468] ?: 0 jobs (slug may be invalid)
  [157/468] ?: 91 jobs
  [158/468] ?: 8 jobs
  [159/468] ?: 0 jobs (slug may be invalid)
  [160/468] ?: 16 jobs
  [161/468] ?: 0 jobs (slug may be invalid)
  [162/468] ?: 0 jobs (slug may be invalid)
  [163/468] ?: 17 jobs
  [164/468] ?: 6 jobs
  [165/468] ?: 0 jobs (slug may be invalid)
  [166/468] ?: 0 jobs (slug may be invalid)
  [167/468] ?: 24 jobs
  [168/468] ?: 0 jobs (slug may be invalid)
  [169/468] ?: 0 jobs (slug may be invalid)
  [170/468] ?: 0 jobs (slug may be invalid)
  [171/468] ?: 0 jobs (slug may be invalid)
  [172/468] ?: 0 jobs (slug may be invalid)
  [173/468] ?: 0 jobs (slug may be invalid)
  [174/468] ?: 5 jobs
  [175/468] ?: 0 jobs (slug may be invalid)
  [176/468] ?: 0 jobs (slug may be invalid)
  [177/468] ?: 11 jobs
  [178/468] ?: 0 jobs (slug may be invalid)
  [179/468] ?: 0 jobs (slug may be invalid)
  [180/468] ?: 0 jobs (slug may be invalid)
  [181/468] ?: 0 jobs (slug may be invalid)
  [182/468] ?: 0 jobs (slug may be invalid)
  [183/468] ?: 0 jobs (slug may be invalid)
  [184/468] ?: 0 jobs (slug may be invalid)
  [185/468] ?: 0 jobs (slug may be invalid)
  [186/468] ?: 8 jobs
  [187/468] ?: 0 jobs (slug may be invalid)
  [188/468] ?: 0 jobs (slug may be invalid)
  [189/468] ?: 711 jobs
  [190/468] ?: 0 jobs (slug may be invalid)
  [191/468] ?: 0 jobs (slug may be invalid)
  [192/468] ?: 8 jobs
  [193/468] ?: 0 jobs (slug may be invalid)
  [194/468] ?: 83 jobs
  [195/468] ?: 13 jobs
  [196/468] ?: 0 jobs (slug may be invalid)
  [197/468] ?: 0 jobs (slug may be invalid)
  [198/468] ?: 0 jobs (slug may be invalid)
  [199/468] ?: 0 jobs (slug may be invalid)
  [200/468] ?: 0 jobs (slug may be invalid)
  [201/468] ?: 639 jobs
  [202/468] ?: 0 jobs (slug may be invalid)
  [203/468] ?: 0 jobs (slug may be invalid)
  [204/468] ?: 0 jobs (slug may be invalid)
  [205/468] ?: 0 jobs (slug may be invalid)
  [206/468] ?: 0 jobs (slug may be invalid)
  [207/468] ?: 0 jobs (slug may be invalid)
  [208/468] ?: 0 jobs (slug may be invalid)
  [209/468] ?: 0 jobs (slug may be invalid)
  [210/468] ?: 0 jobs (slug may be invalid)
  [211/468] ?: 0 jobs (slug may be invalid)
  [212/468] ?: 0 jobs (slug may be invalid)
  [213/468] ?: 0 jobs (slug may be invalid)
  [214/468] ?: 0 jobs (slug may be invalid)
  [215/468] ?: 0 jobs (slug may be invalid)
  [216/468] ?: 0 jobs (slug may be invalid)
  [217/468] ?: 0 jobs (slug may be invalid)
  [218/468] ?: 0 jobs (slug may be invalid)
  [219/468] ?: 0 jobs (slug may be invalid)
  [220/468] ?: 0 jobs (slug may be invalid)
  [221/468] ?: 0 jobs (slug may be invalid)
  [222/468] ?: 0 jobs (slug may be invalid)
  [223/468] ?: 0 jobs (slug may be invalid)
  [224/468] ?: 0 jobs (slug may be invalid)
  [225/468] rippling: 0 jobs (slug may be invalid)
  [226/468] deel: 0 jobs (slug may be invalid)
  [227/468] pave: 0 jobs (slug may be invalid)
  [228/468] paystand: 14 jobs
  [229/468] melio: 21 jobs
  [230/468] novo: 0 jobs (slug may be invalid)
  [231/468] numerated: 0 jobs (slug may be invalid)
  [232/468] blend-labs: 0 jobs (slug may be invalid)
  [233/468] pipe: 0 jobs (slug may be invalid)
  [234/468] forge-global: 0 jobs (slug may be invalid)
  [235/468] cais: 14 jobs
  [236/468] allocate: 0 jobs (slug may be invalid)
  [237/468] percent: 0 jobs (slug may be invalid)
  [238/468] color-health: 0 jobs (slug may be invalid)
  [239/468] hims-hers: 0 jobs (slug may be invalid)
  [240/468] calibrate: 0 jobs (slug may be invalid)
  [241/468] vida-health: 0 jobs (slug may be invalid)
  [242/468] spring-health: 0 jobs (slug may be invalid)
  [243/468] lyra-health: 0 jobs (slug may be invalid)
  [244/468] sword-health: 0 jobs (slug may be invalid)
  [245/468] included-health: 0 jobs (slug may be invalid)
  [246/468] cityblock-health: 0 jobs (slug may be invalid)
  [247/468] eden-health: 0 jobs (slug may be invalid)
  [248/468] firefly-health: 0 jobs (slug may be invalid)
  [249/468] medable: 0 jobs (slug may be invalid)
  [250/468] science-37: 0 jobs (slug may be invalid)
  [251/468] verily: 0 jobs (slug may be invalid)
  [252/468] saama-technologies: 0 jobs (slug may be invalid)
  [253/468] komodo-health: 0 jobs (slug may be invalid)
  [254/468] phreesia: 0 jobs (slug may be invalid)
  [255/468] turquoise-health: 0 jobs (slug may be invalid)
  [256/468] kyruus-health: 0 jobs (slug may be invalid)
  [257/468] aledade: 0 jobs (slug may be invalid)
  [258/468] veeva-systems: 0 jobs (slug may be invalid)
  [259/468] teladoc-health: 0 jobs (slug may be invalid)
  [260/468] devotedhealth: 0 jobs (slug may be invalid)
  [261/468] bright-health-group: 0 jobs (slug may be invalid)
  [262/468] alignmenthealthcare: 0 jobs (slug may be invalid)
  [263/468] livongo: 0 jobs (slug may be invalid)
  [264/468] pear-therapeutics: 0 jobs (slug may be invalid)
  [265/468] akili-interactive: 0 jobs (slug may be invalid)
  [266/468] greenway-health: 0 jobs (slug may be invalid)
  [267/468] practice-fusion: 0 jobs (slug may be invalid)
  [268/468] kareo: 0 jobs (slug may be invalid)
  [269/468] tebra: 12 jobs
  [270/468] modernizing-medicine: 0 jobs (slug may be invalid)
  [271/468] nextech-systems: 0 jobs (slug may be invalid)
  [272/468] srs-health: 0 jobs (slug may be invalid)
  [273/468] veradigm: 0 jobs (slug may be invalid)
  [274/468] vatic-health: 0 jobs (slug may be invalid)
  [275/468] iodinesoftware: 0 jobs (slug may be invalid)
  [276/468] augmedix: 0 jobs (slug may be invalid)
  [277/468] olive-ai: 0 jobs (slug may be invalid)
  [278/468] arcadia.io: 0 jobs (slug may be invalid)
  [279/468] saama: 0 jobs (slug may be invalid)
  [280/468] castor: 0 jobs (slug may be invalid)
  [281/468] florencehealthcare: 4 jobs
  [282/468] reifyhealth: 0 jobs (slug may be invalid)
  [283/468] suvoda: 30 jobs
  [284/468] flatironhealth: 25 jobs
  [285/468] foundationmedicine: 0 jobs (slug may be invalid)
  [286/468] invitae: 0 jobs (slug may be invalid)
  [287/468] helix: 0 jobs (slug may be invalid)
  [288/468] ancestry: 0 jobs (slug may be invalid)
  [289/468] veranahealth: 7 jobs
  [290/468] om1: 0 jobs (slug may be invalid)
  [291/468] goodrx: 0 jobs (slug may be invalid)
  [292/468] alto: 0 jobs (slug may be invalid)
  [293/468] truepill: 0 jobs (slug may be invalid)
  [294/468] drfirst: 0 jobs (slug may be invalid)
  [295/468] rxsavingssolutions: 0 jobs (slug may be invalid)
  [296/468] kyruus: 0 jobs (slug may be invalid)
  [297/468] zocdoc: 60 jobs
  [298/468] solv: 0 jobs (slug may be invalid)
  [299/468] galileo: 14 jobs
  [300/468] plushcare: 0 jobs (slug may be invalid)
  [301/468] heal: 0 jobs (slug may be invalid)
  [302/468] doctorondemand: 0 jobs (slug may be invalid)
  [303/468] vidahealth: 0 jobs (slug may be invalid)
  [304/468] virtahealth: 0 jobs (slug may be invalid)
  [305/468] talkspace: 19 jobs
  [306/468] betterhelp: 164 jobs
  [307/468] growtherapy: 0 jobs (slug may be invalid)
  [308/468] found: 3 jobs
  [309/468] calahealth: 10 jobs
  [310/468] vynedental: 0 jobs (slug may be invalid)
  [311/468] decent: 0 jobs (slug may be invalid)
  [312/468] imaginepediatrics: 16 jobs
  [313/468] forward: 5 jobs
  [314/468] onemedical: 393 jobs
  [315/468] strivehealth: 64 jobs
  [316/468] lyric: 0 jobs (slug may be invalid)
  [317/468] healthedge: 0 jobs (slug may be invalid)
  [318/468] aetion: 0 jobs (slug may be invalid)
  [319/468] healthverity: 18 jobs
  [320/468] apixio: 0 jobs (slug may be invalid)
  [321/468] cleardata: 0 jobs (slug may be invalid)
  [322/468] tomorrow: 21 jobs
  [323/468] oakstreethealth: 0 jobs (slug may be invalid)
  [324/468] vivantehealth: 0 jobs (slug may be invalid)
  [325/468] natera: 208 jobs
  [326/468] trinetx: 0 jobs (slug may be invalid)
  [327/468] brighthealth: 0 jobs (slug may be invalid)
  [328/468] landmarkhealth: 0 jobs (slug may be invalid)
  [329/468] agilonhealth: 0 jobs (slug may be invalid)
  [330/468] signifyhealth: 0 jobs (slug may be invalid)
  [331/468] lifestancehealth: 0 jobs (slug may be invalid)
  [332/468] 98point6: 0 jobs (slug may be invalid)
  [333/468] bindon-demandhealth: 0 jobs (slug may be invalid)
  [334/468] brighthealthcare: 0 jobs (slug may be invalid)
  [335/468] sidecarhealth: 7 jobs
  [336/468] gravie: 0 jobs (slug may be invalid)
  [337/468] zelis: 0 jobs (slug may be invalid)
  [338/468] castlighthealth: 0 jobs (slug may be invalid)
  [339/468] glooko: 0 jobs (slug may be invalid)
  [340/468] podimetrics: 0 jobs (slug may be invalid)
  [341/468] 10xgenomics: 0 jobs (slug may be invalid)
  [342/468] pacificbiosciences: 0 jobs (slug may be invalid)
  [343/468] adaptivebiotechnologies: 23 jobs
  [344/468] grail: 0 jobs (slug may be invalid)
  [345/468] drchrono: 0 jobs (slug may be invalid)
  [346/468] elationhealth: 18 jobs
  [347/468] bamboohealth: 0 jobs (slug may be invalid)
  [348/468] tandemdiabetes: 0 jobs (slug may be invalid)
  [349/468] dexcare: 0 jobs (slug may be invalid)
  [350/468] medely: 0 jobs (slug may be invalid)
  [351/468] shiftmed: 0 jobs (slug may be invalid)
  [352/468] trustedhealth: 0 jobs (slug may be invalid)
  [353/468] dispatchhealth: 0 jobs (slug may be invalid)
  [354/468] uniteus: 13 jobs
  [355/468] aidoc: 0 jobs (slug may be invalid)
  [356/468] vizai: 0 jobs (slug may be invalid)
  [357/468] insitro: 0 jobs (slug may be invalid)
  [358/468] recursionpharma: 0 jobs (slug may be invalid)
  [359/468] editasmedicine: 0 jobs (slug may be invalid)
  [360/468] intelliatx: 0 jobs (slug may be invalid)
  [361/468] sagerx: 0 jobs (slug may be invalid)
  [362/468] ultragenyx: 0 jobs (slug may be invalid)
  [363/468] ginkgobioworks: 20 jobs
  [364/468] sanabiotechnology: 0 jobs (slug may be invalid)
  [365/468] denalitherapeutics: 0 jobs (slug may be invalid)
  [366/468] slalomconsulting: 0 jobs (slug may be invalid)
  [367/468] eliseai: 0 jobs (slug may be invalid)
  [368/468] rewst: 0 jobs (slug may be invalid)
  [369/468] klara: 0 jobs (slug may be invalid)
  [370/468] laseraway: 0 jobs (slug may be invalid)
  [371/468] pagerhealth: 0 jobs (slug may be invalid)
  [372/468] hugeinc: 29 jobs
  [373/468] prescryptive: 0 jobs (slug may be invalid)
  [374/468] qventus: 16 jobs
  [375/468] instacart: 122 jobs
  [376/468] elastic: 405 jobs
  [377/468] rxbenefits: 0 jobs (slug may be invalid)
  [378/468] honor: 14 jobs
  [379/468] lattice: 12 jobs
  [380/468] dropbox: 38 jobs
  [381/468] guild: 7 jobs
  [382/468] thrivemarket: 15 jobs
  [383/468] ascendanalytics: 0 jobs (slug may be invalid)
  [384/468] alphasense: 199 jobs
  [385/468] reddit: 152 jobs
  [386/468] celonis: 225 jobs
  [387/468] wcgclinical: 0 jobs (slug may be invalid)
  [388/468] byteme: 0 jobs (slug may be invalid)
  [389/468] candid: 14 jobs
  [390/468] progyny: 0 jobs (slug may be invalid)
  [391/468] oviahealth: 0 jobs (slug may be invalid)
  [392/468] eleanorhealth: 0 jobs (slug may be invalid)
  [393/468] bouldercare: 18 jobs
  [394/468] ophelia: 16 jobs
  [395/468] pointclickcare: 0 jobs (slug may be invalid)
  [396/468] matrixcare: 0 jobs (slug may be invalid)
  [397/468] civicarx: 0 jobs (slug may be invalid)
  [398/468] imprivata: 0 jobs (slug may be invalid)
  [399/468] papa: 3 jobs
  [400/468] carewell: 0 jobs (slug may be invalid)
  [401/468] aplaceformom: 0 jobs (slug may be invalid)
  [402/468] altasciences: 0 jobs (slug may be invalid)
  [403/468] winfertility: 0 jobs (slug may be invalid)
  [404/468] charliehealth: 260 jobs
  [405/468] alayacare: 25 jobs
  [406/468] civicascript: 0 jobs (slug may be invalid)
  [407/468] capitalrx: 0 jobs (slug may be invalid)
  [408/468] optimecare: 0 jobs (slug may be invalid)
  [409/468] medeanalytics: 2 jobs
  [410/468] science37: 56 jobs
  [411/468] advarra: 0 jobs (slug may be invalid)
  [412/468] warbyparker: 0 jobs (slug may be invalid)
  [413/468] symplr: 0 jobs (slug may be invalid)
  [414/468] healthcatalyst: 0 jobs (slug may be invalid)
  [415/468] genedx: 22 jobs
  [416/468] somatus: 0 jobs (slug may be invalid)
  [417/468] dental-intelligence: 0 jobs (slug may be invalid)
  [418/468] hellotend: 26 jobs
  [419/468] overjet: 0 jobs (slug may be invalid)
  [420/468] dandy: 0 jobs (slug may be invalid)
  [421/468] tend: 0 jobs (slug may be invalid)
  [422/468] odela: 0 jobs (slug may be invalid)
  [423/468] miracare: 0 jobs (slug may be invalid)
  [424/468] confidanthealth: 0 jobs (slug may be invalid)
  [425/468] pelago: 15 jobs
  [426/468] twochairs: 36 jobs
  [427/468] careacademy: 0 jobs (slug may be invalid)
  [428/468] caregiver: 16 jobs
  [429/468] ribbon: 0 jobs (slug may be invalid)
  [430/468] smilecdr: 0 jobs (slug may be invalid)
  [431/468] galaxy: 2 jobs
  [432/468] vetsource: 0 jobs (slug may be invalid)
  [433/468] rightwayhealthcare: 34 jobs
  [434/468] artera: 0 jobs (slug may be invalid)
  [435/468] lumahealth: 4 jobs
  [436/468] healthgrades: 0 jobs (slug may be invalid)
  [437/468] accel: 0 jobs (slug may be invalid)
  [438/468] leagueinc: 12 jobs
  [439/468] hazel: 20 jobs
  [440/468] crossoverhealth: 0 jobs (slug may be invalid)
  [441/468] parsleyhealth: 8 jobs
  [442/468] nocd: 0 jobs (slug may be invalid)
  [443/468] simplepractice: 0 jobs (slug may be invalid)
  [444/468] heartflowinc: 101 jobs
  [445/468] leantaas: 0 jobs (slug may be invalid)
  [446/468] laudio: 0 jobs (slug may be invalid)
  [447/468] healthjoy: 3 jobs
  [448/468] carrumhealth: 0 jobs (slug may be invalid)
  [449/468] lanterncare: 0 jobs (slug may be invalid)
  [450/468] machinify: 0 jobs (slug may be invalid)
  [451/468] h1: 0 jobs (slug may be invalid)
  [452/468] vytalizehealth: 0 jobs (slug may be invalid)
  [453/468] monogramhealth: 0 jobs (slug may be invalid)
  [454/468] welbehealth: 150 jobs
  [455/468] homeward: 3 jobs
  [456/468] mainstreethealth: 7 jobs
  [457/468] hopscotchprimarycare: 33 jobs
  [458/468] marathonhealth: 0 jobs (slug may be invalid)
  [459/468] optimizehealth: 0 jobs (slug may be invalid)
  [460/468] moxehealth: 1 jobs
  [461/468] verato: 0 jobs (slug may be invalid)
  [462/468] springbuk: 0 jobs (slug may be invalid)
  [463/468] clearviewhcp: 0 jobs (slug may be invalid)
  [464/468] cleanchoiceenergy: 0 jobs (slug may be invalid)
  [465/468] firstdatabank: 0 jobs (slug may be invalid)
  [466/468] abcfitness: 0 jobs (slug may be invalid)
  [467/468] doordash: 0 jobs (slug may be invalid)
  [468/468] exiger: 55 jobs

[lever] 130 companies
  [1/130] SprinterHealth: 0 jobs (slug may be invalid)
  [2/130] CollectlyInc: 11 jobs
  [3/130] canvasmedical: 6 jobs
  [4/130] zushealth: 6 jobs
  [5/130] januaryinc: 1 jobs
  [6/130] RyzLabs: 33 jobs
  [7/130] heartbeathealth: 27 jobs
  [8/130] circadiahealth: 65 jobs
  [9/130] artera-2: 8 jobs
  [10/130] whoop: 0 jobs (slug may be invalid)
  [11/130] caremessage: 0 jobs (slug may be invalid)
  [12/130] h1: 19 jobs
  [13/130] mcra: 0 jobs (slug may be invalid)
  [14/130] aledade: 32 jobs
  [15/130] includedhealth: 53 jobs
  [16/130] lyrahealth: 558 jobs
  [17/130] glooko: 0 jobs (slug may be invalid)
  [18/130] truepill: 0 jobs (slug may be invalid)
  [19/130] talkiatry: 0 jobs (slug may be invalid)
  [20/130] datavant: 0 jobs (slug may be invalid)
  [21/130] ribbonhealth: 0 jobs (slug may be invalid)
  [22/130] alma: 0 jobs (slug may be invalid)
  [23/130] headway: 0 jobs (slug may be invalid)
  [24/130] betterup: 0 jobs (slug may be invalid)
  [25/130] noom: 0 jobs (slug may be invalid)
  [26/130] calm: 0 jobs (slug may be invalid)
  [27/130] verily: 0 jobs (slug may be invalid)
  [28/130] neuralink: 0 jobs (slug may be invalid)
  [29/130] ?: 0 jobs (slug may be invalid)
  [30/130] ?: 0 jobs (slug may be invalid)
  [31/130] ?: 0 jobs (slug may be invalid)
  [32/130] ?: 0 jobs (slug may be invalid)
  [33/130] ?: 0 jobs (slug may be invalid)
  [34/130] ?: 0 jobs (slug may be invalid)
  [35/130] ?: 0 jobs (slug may be invalid)
  [36/130] ?: 0 jobs (slug may be invalid)
  [37/130] ?: 0 jobs (slug may be invalid)
  [38/130] ?: 16 jobs
  [39/130] ?: 0 jobs (slug may be invalid)
  [40/130] ?: 0 jobs (slug may be invalid)
  [41/130] ?: 0 jobs (slug may be invalid)
  [42/130] ?: 0 jobs (slug may be invalid)
  [43/130] ?: 0 jobs (slug may be invalid)
  [44/130] ?: 0 jobs (slug may be invalid)
  [45/130] ?: 0 jobs (slug may be invalid)
  [46/130] ?: 0 jobs (slug may be invalid)
  [47/130] ?: 0 jobs (slug may be invalid)
  [48/130] ?: 0 jobs (slug may be invalid)
  [49/130] ?: 0 jobs (slug may be invalid)
  [50/130] ?: 0 jobs (slug may be invalid)
  [51/130] ?: 0 jobs (slug may be invalid)
  [52/130] ?: 0 jobs (slug may be invalid)
  [53/130] ?: 0 jobs (slug may be invalid)
  [54/130] ?: 0 jobs (slug may be invalid)
  [55/130] ?: 0 jobs (slug may be invalid)
  [56/130] ?: 0 jobs (slug may be invalid)
  [57/130] ?: 0 jobs (slug may be invalid)
  [58/130] ?: 0 jobs (slug may be invalid)
  [59/130] ?: 0 jobs (slug may be invalid)
  [60/130] ?: 7 jobs
  [61/130] ?: 0 jobs (slug may be invalid)
  [62/130] ?: 0 jobs (slug may be invalid)
  [63/130] ?: 0 jobs (slug may be invalid)
  [64/130] ?: 0 jobs (slug may be invalid)
  [65/130] ?: 0 jobs (slug may be invalid)
  [66/130] treasury-prime: 0 jobs (slug may be invalid)
  [67/130] synctera: 0 jobs (slug may be invalid)
  [68/130] highnote: 0 jobs (slug may be invalid)
  [69/130] grasshopper-bank: 0 jobs (slug may be invalid)
  [70/130] nearside: 0 jobs (slug may be invalid)
  [71/130] cogni: 0 jobs (slug may be invalid)
  [72/130] hum-capital: 0 jobs (slug may be invalid)
  [73/130] nira-medical: 0 jobs (slug may be invalid)
  [74/130] rxsense: 0 jobs (slug may be invalid)
  [75/130] hyro.ai: 0 jobs (slug may be invalid)
  [76/130] cartahealthcare: 0 jobs (slug may be invalid)
  [77/130] color: 0 jobs (slug may be invalid)
  [78/130] swordhealth: 0 jobs (slug may be invalid)
  [79/130] carbonhealth: 0 jobs (slug may be invalid)
  [80/130] wayspring: 0 jobs (slug may be invalid)
  [81/130] vatica: 0 jobs (slug may be invalid)
  [82/130] curai: 6 jobs
  [83/130] forgehealth: 0 jobs (slug may be invalid)
  [84/130] curanahealth: 0 jobs (slug may be invalid)
  [85/130] clarifyhealth: 6 jobs
  [86/130] redoxengine: 10 jobs
  [87/130] healthtap: 0 jobs (slug may be invalid)
  [88/130] patientping: 0 jobs (slug may be invalid)
  [89/130] healthgorilla: 0 jobs (slug may be invalid)
  [90/130] 1uphealth: 0 jobs (slug may be invalid)
  [91/130] protenus: 0 jobs (slug may be invalid)
  [92/130] zoomcare: 0 jobs (slug may be invalid)
  [93/130] patientpop: 0 jobs (slug may be invalid)
  [94/130] stratadecision: 0 jobs (slug may be invalid)
  [95/130] caredox: 0 jobs (slug may be invalid)
  [96/130] wingspanhealth: 0 jobs (slug may be invalid)
  [97/130] codametrix: 0 jobs (slug may be invalid)
  [98/130] abcellera: 0 jobs (slug may be invalid)
  [99/130] arsenalbio: 1 jobs
  [100/130] kallyope: 0 jobs (slug may be invalid)
  [101/130] superhuman: 0 jobs (slug may be invalid)
  [102/130] velocityclinical: 0 jobs (slug may be invalid)
  [103/130] mahmee: 2 jobs
  [104/130] brightsidehealth: 0 jobs (slug may be invalid)
  [105/130] censinet: 0 jobs (slug may be invalid)
  [106/130] nurx: 0 jobs (slug may be invalid)
  [107/130] keeps: 0 jobs (slug may be invalid)
  [108/130] helowisp: 0 jobs (slug may be invalid)
  [109/130] stellar: 0 jobs (slug may be invalid)
  [110/130] springfertility: 0 jobs (slug may be invalid)
  [111/130] revohealth: 0 jobs (slug may be invalid)
  [112/130] soundtalent: 0 jobs (slug may be invalid)
  [113/130] bloomlife: 0 jobs (slug may be invalid)
  [114/130] cayabacare: 0 jobs (slug may be invalid)
  [115/130] careyaya: 0 jobs (slug may be invalid)
  [116/130] kindlycare: 0 jobs (slug may be invalid)
  [117/130] medly: 0 jobs (slug may be invalid)
  [118/130] kalderos: 0 jobs (slug may be invalid)
  [119/130] scriptdrop: 0 jobs (slug may be invalid)
  [120/130] apostrophe: 0 jobs (slug may be invalid)
  [121/130] manual: 0 jobs (slug may be invalid)
  [122/130] felixhealth: 0 jobs (slug may be invalid)
  [123/130] petdesk: 11 jobs
  [124/130] digitail: 0 jobs (slug may be invalid)
  [125/130] shepherd: 0 jobs (slug may be invalid)
  [126/130] medisafe: 0 jobs (slug may be invalid)
  [127/130] buoyhealth: 0 jobs (slug may be invalid)
  [128/130] verifiable: 2 jobs
  [129/130] nimblerx: 0 jobs (slug may be invalid)
  [130/130] pager: 0 jobs (slug may be invalid)

[ashby] 139 companies
  [1/139] Graphitehq: 7 jobs
  [2/139] maximustribe: 2 jobs
  [3/139] codes-health: 13 jobs
  [4/139] heidihealth.com.au: 80 jobs
  [5/139] Interrahealth: 11 jobs
  [6/139] fitt: 10 jobs
  [7/139] lark: 1 jobs
  [8/139] virtahealth: 21 jobs
  [9/139] Healthtech-1: 7 jobs
  [10/139] tandem-health: 71 jobs
  [11/139] Aios: 14 jobs
  [12/139] you-health: 5 jobs
  [13/139] versemedical: 35 jobs
  [14/139] abridge: 49 jobs
  [15/139] decagon: 145 jobs
  [16/139] rad-ai: 0 jobs (slug may be invalid)
  [17/139] ramphealth: 0 jobs (slug may be invalid)
  [18/139] ?: 0 jobs (slug may be invalid)
  [19/139] ?: 0 jobs (slug may be invalid)
  [20/139] ?: 0 jobs (slug may be invalid)
  [21/139] ?: 0 jobs (slug may be invalid)
  [22/139] ?: 0 jobs (slug may be invalid)
  [23/139] ?: 0 jobs (slug may be invalid)
  [24/139] ?: 0 jobs (slug may be invalid)
  [25/139] ?: 0 jobs (slug may be invalid)
  [26/139] ?: 0 jobs (slug may be invalid)
  [27/139] ?: 0 jobs (slug may be invalid)
  [28/139] ?: 0 jobs (slug may be invalid)
  [29/139] ?: 0 jobs (slug may be invalid)
  [30/139] ?: 0 jobs (slug may be invalid)
  [31/139] ?: 0 jobs (slug may be invalid)
  [32/139] ?: 0 jobs (slug may be invalid)
  [33/139] ?: 0 jobs (slug may be invalid)
  [34/139] ?: 0 jobs (slug may be invalid)
  [35/139] ?: 0 jobs (slug may be invalid)
  [36/139] ?: 0 jobs (slug may be invalid)
  [37/139] ?: 0 jobs (slug may be invalid)
  [38/139] ?: 0 jobs (slug may be invalid)
  [39/139] ?: 0 jobs (slug may be invalid)
  [40/139] ?: 0 jobs (slug may be invalid)
  [41/139] ?: 0 jobs (slug may be invalid)
  [42/139] ?: 0 jobs (slug may be invalid)
  [43/139] ?: 0 jobs (slug may be invalid)
  [44/139] ?: 37 jobs
  [45/139] ?: 0 jobs (slug may be invalid)
  [46/139] ?: 0 jobs (slug may be invalid)
  [47/139] ?: 0 jobs (slug may be invalid)
  [48/139] ?: 62 jobs
  [49/139] ?: 17 jobs
  [50/139] ?: 16 jobs
  [51/139] slope: 1 jobs
  [52/139] arc: 0 jobs (slug may be invalid)
  [53/139] caplight: 0 jobs (slug may be invalid)
  [54/139] architect: 13 jobs
  [55/139] levels: 1 jobs
  [56/139] garner-health: 0 jobs (slug may be invalid)
  [57/139] zus-health: 7 jobs
  [58/139] headway: 88 jobs
  [59/139] cedar: 3 jobs
  [60/139] bighealth: 0 jobs (slug may be invalid)
  [61/139] notable: 10 jobs
  [62/139] formationbio.com: 0 jobs (slug may be invalid)
  [63/139] honeybeehealth.com: 0 jobs (slug may be invalid)
  [64/139] sesame: 25 jobs
  [65/139] alma: 0 jobs (slug may be invalid)
  [66/139] sondermind: 131 jobs
  [67/139] stedi: 16 jobs
  [68/139] akasa: 12 jobs
  [69/139] sana: 0 jobs (slug may be invalid)
  [70/139] cityblock: 0 jobs (slug may be invalid)
  [71/139] pearlhealth: 4 jobs
  [72/139] particlehealth: 0 jobs (slug may be invalid)
  [73/139] hippocraticai: 0 jobs (slug may be invalid)
  [74/139] memora: 0 jobs (slug may be invalid)
  [75/139] sprinter-health: 79 jobs
  [76/139] sparkadvisors: 0 jobs (slug may be invalid)
  [77/139] commure: 78 jobs
  [78/139] wellthy: 0 jobs (slug may be invalid)
  [79/139] evidation: 0 jobs (slug may be invalid)
  [80/139] incrediblehealth: 0 jobs (slug may be invalid)
  [81/139] wheel: 7 jobs
  [82/139] violet: 0 jobs (slug may be invalid)
  [83/139] suki.ai: 0 jobs (slug may be invalid)
  [84/139] deepscribe: 0 jobs (slug may be invalid)
  [85/139] nexhealth: 0 jobs (slug may be invalid)
  [86/139] cleerly: 0 jobs (slug may be invalid)
  [87/139] notion: 133 jobs
  [88/139] smithrx: 0 jobs (slug may be invalid)
  [89/139] kindbody: 0 jobs (slug may be invalid)
  [90/139] storkclub: 0 jobs (slug may be invalid)
  [91/139] cleo: 0 jobs (slug may be invalid)
  [92/139] bicyclehealth: 0 jobs (slug may be invalid)
  [93/139] vetcove: 27 jobs
  [94/139] twentyeighthealth: 0 jobs (slug may be invalid)
  [95/139] workithealth: 0 jobs (slug may be invalid)
  [96/139] quitgenius: 0 jobs (slug may be invalid)
  [97/139] crickethealth: 0 jobs (slug may be invalid)
  [98/139] clinicalresearch: 0 jobs (slug may be invalid)
  [99/139] pearl: 10 jobs
  [100/139] dentiai: 0 jobs (slug may be invalid)
  [101/139] zentist: 0 jobs (slug may be invalid)
  [102/139] joinkleer: 0 jobs (slug may be invalid)
  [103/139] evvy: 17 jobs
  [104/139] oula: 0 jobs (slug may be invalid)
  [105/139] givelegacy: 0 jobs (slug may be invalid)
  [106/139] westopdadi: 0 jobs (slug may be invalid)
  [107/139] kiphealth: 0 jobs (slug may be invalid)
  [108/139] seniorly: 0 jobs (slug may be invalid)
  [109/139] lynxhealth: 0 jobs (slug may be invalid)
  [110/139] curex: 0 jobs (slug may be invalid)
  [111/139] allermi: 0 jobs (slug may be invalid)
  [112/139] clearstep: 0 jobs (slug may be invalid)
  [113/139] fireflyhealth: 0 jobs (slug may be invalid)
  [114/139] healthie: 0 jobs (slug may be invalid)
  [115/139] turquoise-health: 15 jobs
  [116/139] equip: 56 jobs
  [117/139] pomelocare: 0 jobs (slug may be invalid)
  [118/139] medallion: 0 jobs (slug may be invalid)
  [119/139] certifyos: 14 jobs
  [120/139] metriport: 19 jobs
  [121/139] flexpa: 0 jobs (slug may be invalid)
  [122/139] tennr: 27 jobs
  [123/139] anterior: 5 jobs
  [124/139] ambiencehealthcare: 19 jobs
  [125/139] nabla: 17 jobs
  [126/139] regard: 6 jobs
  [127/139] radai: 18 jobs
  [128/139] videahealth: 0 jobs (slug may be invalid)
  [129/139] infinitus: 7 jobs
  [130/139] vestahealthcare: 0 jobs (slug may be invalid)
  [131/139] cadence: 0 jobs (slug may be invalid)
  [132/139] payzen: 0 jobs (slug may be invalid)
  [133/139] solace: 26 jobs
  [134/139] summerhealth: 2 jobs
  [135/139] mochihealth: 0 jobs (slug may be invalid)
  [136/139] anglehealth: 1 jobs
  [137/139] nymhealth: 0 jobs (slug may be invalid)
  [138/139] fathom: 0 jobs (slug may be invalid)
  [139/139] power: 0 jobs (slug may be invalid)

[workable] 40 companies
  [1/40] ?: 0 jobs (slug may be invalid)
  [2/40] ?: 0 jobs (slug may be invalid)
  [3/40] ?: 0 jobs (slug may be invalid)
  [4/40] ?: 0 jobs (slug may be invalid)
  [5/40] ?: 0 jobs (slug may be invalid)
  [6/40] ?: 0 jobs (slug may be invalid)
  [7/40] ?: 0 jobs (slug may be invalid)
  [8/40] ?: 0 jobs (slug may be invalid)
  [9/40] ?: 0 jobs (slug may be invalid)
  [10/40] ?: 0 jobs (slug may be invalid)
  [11/40] ?: 0 jobs (slug may be invalid)
  [12/40] ?: 0 jobs (slug may be invalid)
  [13/40] ?: 0 jobs (slug may be invalid)
  [14/40] ?: 0 jobs (slug may be invalid)
  [15/40] ?: 0 jobs (slug may be invalid)
  [16/40] ?: 0 jobs (slug may be invalid)
  [17/40] ?: 0 jobs (slug may be invalid)
  [18/40] ?: 0 jobs (slug may be invalid)
  [19/40] ?: 0 jobs (slug may be invalid)
  [20/40] ?: 0 jobs (slug may be invalid)
  [21/40] ?: 0 jobs (slug may be invalid)
  [22/40] ?: 0 jobs (slug may be invalid)
  [23/40] ?: 0 jobs (slug may be invalid)
  [24/40] ?: 0 jobs (slug may be invalid)
  [25/40] ?: 0 jobs (slug may be invalid)
  [26/40] ?: 13 jobs
  [27/40] ?: 0 jobs (slug may be invalid)
  [28/40] ?: 0 jobs (slug may be invalid)
  [29/40] ?: 0 jobs (slug may be invalid)
  [30/40] ?: 0 jobs (slug may be invalid)
  [31/40] ?: 0 jobs (slug may be invalid)
  [32/40] ?: 0 jobs (slug may be invalid)
  [33/40] ?: 0 jobs (slug may be invalid)
  [34/40] ?: 0 jobs (slug may be invalid)
  [35/40] spring: 0 jobs (slug may be invalid)
  [36/40] clover: 0 jobs (slug may be invalid)
  [37/40] modern: 0 jobs (slug may be invalid)
  [38/40] headspace: 0 jobs (slug may be invalid)
  [39/40] prescryptive: 0 jobs (slug may be invalid)
  [40/40] calibrate: 0 jobs (slug may be invalid)

[workday] 217 companies
  [1/217] Pfizer: 40 jobs
  [2/217] Merck (MSD): 200 jobs
  [3/217] CVS Health: 200 jobs
  [4/217] Capital One: 200 jobs
  [5/217] Wells Fargo: 40 jobs
  [6/217] Bank of America: 200 jobs
  [7/217] Morgan Stanley: 40 jobs
  [8/217] American Express: 0 jobs (slug may be invalid)
  [9/217] BlackRock: 0 jobs (slug may be invalid)
  [10/217] Charles Schwab: 0 jobs (slug may be invalid)
  [11/217] TD Bank: 40 jobs
  [12/217] BMO Financial Group: 40 jobs
  [13/217] Truist: 0 jobs (slug may be invalid)
  [14/217] PNC: 0 jobs (slug may be invalid)
  [15/217] US Bank: 40 jobs
  [16/217] MUFG Americas: 40 jobs
  [17/217] Mizuho Americas: 40 jobs
  [18/217] Flagstar Bank: 40 jobs
  [19/217] S&P Global: 40 jobs
  [20/217] Protiviti: 40 jobs
  [21/217] FIS Global: 200 jobs
  [22/217] Fiserv: 200 jobs
  [23/217] Regions Financial: 40 jobs
  [24/217] UnitedHealth Group: 0 jobs (slug may be invalid)
  [25/217] Elevance Health: 0 jobs (slug may be invalid)
  [26/217] Humana: 40 jobs
  [27/217] Cigna: 0 jobs (slug may be invalid)
  [28/217] Centene: 0 jobs (slug may be invalid)
  [29/217] Molina Healthcare: 0 jobs (slug may be invalid)
  [30/217] Johnson & Johnson: 0 jobs (slug may be invalid)
  [31/217] AbbVie: 0 jobs (slug may be invalid)
  [32/217] Eli Lilly: 0 jobs (slug may be invalid)
  [33/217] Bristol Myers Squibb: 0 jobs (slug may be invalid)
  [34/217] Gilead Sciences: 40 jobs
  [35/217] Amgen: 0 jobs (slug may be invalid)
  [36/217] Sanofi: 40 jobs
  [37/217] Regeneron: 0 jobs (slug may be invalid)
  [38/217] Takeda: 0 jobs (slug may be invalid)
  [39/217] Kaiser Permanente: 0 jobs (slug may be invalid)
  [40/217] HCA Healthcare: 0 jobs (slug may be invalid)
  [41/217] Providence Health: 0 jobs (slug may be invalid)
  [42/217] AdventHealth: 0 jobs (slug may be invalid)
  [43/217] Mayo Clinic: 0 jobs (slug may be invalid)
  [44/217] Veeva Systems (full): 0 jobs (slug may be invalid)
  [45/217] Oracle Health (Cerner): 0 jobs (slug may be invalid)
  [46/217] Medtronic: 0 jobs (slug may be invalid)
  [47/217] Boston Scientific: 0 jobs (slug may be invalid)
  [48/217] Abbott: 40 jobs
  [49/217] Centene Corporation: 0 jobs (slug may be invalid)
  [50/217] Molina Healthcare: 0 jobs (slug may be invalid)
  [51/217] Teladoc Health: 0 jobs (slug may be invalid)
  [52/217] HealthEquity: 0 jobs (slug may be invalid)
  [53/217] Exact Sciences: 0 jobs (slug may be invalid)
  [54/217] IQVIA: 0 jobs (slug may be invalid)
  [55/217] Cerner: 0 jobs (slug may be invalid)
  [56/217] Change Healthcare: 0 jobs (slug may be invalid)
  [57/217] Point32Health: 0 jobs (slug may be invalid)
  [58/217] Blue Shield of California: 0 jobs (slug may be invalid)
  [59/217] Independence Blue Cross: 0 jobs (slug may be invalid)
  [60/217] Blue Cross Blue Shield of Michigan: 0 jobs (slug may be invalid)
  [61/217] Highmark Health: 0 jobs (slug may be invalid)
  [62/217] Horizon Blue Cross Blue Shield: 0 jobs (slug may be invalid)
  [63/217] Health Care Service Corporation: 0 jobs (slug may be invalid)
  [64/217] Kaiser Permanente: 0 jobs (slug may be invalid)
  [65/217] Intermountain Healthcare: 0 jobs (slug may be invalid)
  [66/217] Cleveland Clinic: 0 jobs (slug may be invalid)
  [67/217] Mayo Clinic: 0 jobs (slug may be invalid)
  [68/217] Providence: 0 jobs (slug may be invalid)
  [69/217] CommonSpirit Health: 0 jobs (slug may be invalid)
  [70/217] Trinity Health: 0 jobs (slug may be invalid)
  [71/217] Advocate Aurora Health: 0 jobs (slug may be invalid)
  [72/217] Ascension: 0 jobs (slug may be invalid)
  [73/217] HCA Healthcare: 0 jobs (slug may be invalid)
  [74/217] Tenet Healthcare: 0 jobs (slug may be invalid)
  [75/217] Sutter Health: 0 jobs (slug may be invalid)
  [76/217] Banner Health: 0 jobs (slug may be invalid)
  [77/217] Atrium Health: 0 jobs (slug may be invalid)
  [78/217] NYU Langone Health: 0 jobs (slug may be invalid)
  [79/217] Mass General Brigham: 0 jobs (slug may be invalid)
  [80/217] Penn Medicine: 0 jobs (slug may be invalid)
  [81/217] Johns Hopkins Medicine: 0 jobs (slug may be invalid)
  [82/217] NewYork-Presbyterian Hospital: 0 jobs (slug may be invalid)
  [83/217] Northwell Health: 0 jobs (slug may be invalid)
  [84/217] Ochsner Health: 0 jobs (slug may be invalid)
  [85/217] Stanford Health Care: 0 jobs (slug may be invalid)
  [86/217] UCLA Health: 0 jobs (slug may be invalid)
  [87/217] UCSF Health: 0 jobs (slug may be invalid)
  [88/217] Cedars-Sinai: 0 jobs (slug may be invalid)
  [89/217] Baylor Scott & White Health: 0 jobs (slug may be invalid)
  [90/217] Houston Methodist: 0 jobs (slug may be invalid)
  [91/217] Sanford Health: 0 jobs (slug may be invalid)
  [92/217] OhioHealth: 0 jobs (slug may be invalid)
  [93/217] Inova Health System: 0 jobs (slug may be invalid)
  [94/217] Novant Health: 0 jobs (slug may be invalid)
  [95/217] ChristianaCare: 0 jobs (slug may be invalid)
  [96/217] RWJBarnabas Health: 0 jobs (slug may be invalid)
  [97/217] Geisinger: 0 jobs (slug may be invalid)
  [98/217] AdventHealth: 0 jobs (slug may be invalid)
  [99/217] Humana: 0 jobs (slug may be invalid)
  [100/217] Illumina: 0 jobs (slug may be invalid)
  [101/217] Dexcom: 0 jobs (slug may be invalid)
  [102/217] Insulet: 0 jobs (slug may be invalid)
  [103/217] Moderna: 0 jobs (slug may be invalid)
  [104/217] BioNTech: 0 jobs (slug may be invalid)
  [105/217] Alnylam Pharmaceuticals: 0 jobs (slug may be invalid)
  [106/217] Neurocrine Biosciences: 0 jobs (slug may be invalid)
  [107/217] Vertex Pharmaceuticals: 0 jobs (slug may be invalid)
  [108/217] Parexel: 0 jobs (slug may be invalid)
  [109/217] ICON plc: 0 jobs (slug may be invalid)
  [110/217] Syneos Health: 0 jobs (slug may be invalid)
  [111/217] Medpace: 0 jobs (slug may be invalid)
  [112/217] PPD (Thermo Fisher Clinical Research): 0 jobs (slug may be invalid)
  [113/217] Labcorp Drug Development: 0 jobs (slug may be invalid)
  [114/217] Heartland Dental: 0 jobs (slug may be invalid)
  [115/217] VSP Vision Care: 0 jobs (slug may be invalid)
  [116/217] LifeStance Health: 0 jobs (slug may be invalid)
  [117/217] Amedisys: 0 jobs (slug may be invalid)
  [118/217] Encompass Health: 0 jobs (slug may be invalid)
  [119/217] BrightSpring Health Services: 0 jobs (slug may be invalid)
  [120/217] Symplr: 0 jobs (slug may be invalid)
  [121/217] R1 RCM: 0 jobs (slug may be invalid)
  [122/217] Conifer Health Solutions: 0 jobs (slug may be invalid)
  [123/217] Optum360: 0 jobs (slug may be invalid)
  [124/217] Covetrus: 0 jobs (slug may be invalid)
  [125/217] Petco Health & Wellness: 0 jobs (slug may be invalid)
  [126/217] Zoetis: 119 jobs
  [127/217] Parexel: 0 jobs (slug may be invalid)
  [128/217] ICON plc: 0 jobs (slug may be invalid)
  [129/217] Syneos Health: 0 jobs (slug may be invalid)
  [130/217] Medpace: 0 jobs (slug may be invalid)
  [131/217] VSP Vision Care: 0 jobs (slug may be invalid)
  [132/217] Heartland Dental: 0 jobs (slug may be invalid)
  [133/217] Amedisys: 0 jobs (slug may be invalid)
  [134/217] Encompass Health: 0 jobs (slug may be invalid)
  [135/217] BrightSpring Health Services: 0 jobs (slug may be invalid)
  [136/217] Imprivata: 0 jobs (slug may be invalid)
  [137/217] Brookdale Senior Living: 0 jobs (slug may be invalid)
  [138/217] R1 RCM: 0 jobs (slug may be invalid)
  [139/217] Covetrus: 0 jobs (slug may be invalid)
  [140/217] IQVIA: 0 jobs (slug may be invalid)
  [141/217] Charles River Laboratories: 0 jobs (slug may be invalid)
  [142/217] R1 RCM: 0 jobs (slug may be invalid)
  [143/217] Amedisys: 0 jobs (slug may be invalid)
  [144/217] Brookdale Senior Living: 0 jobs (slug may be invalid)
  [145/217] Henry Schein: 0 jobs (slug may be invalid)
  [146/217] Teladoc Health: 0 jobs (slug may be invalid)
  [147/217] Acadia Healthcare: 0 jobs (slug may be invalid)
  [148/217] Universal Health Services: 0 jobs (slug may be invalid)
  [149/217] CVS Health: 0 jobs (slug may be invalid)
  [150/217] Walgreens Boots Alliance: 0 jobs (slug may be invalid)
  [151/217] Quest Diagnostics: 0 jobs (slug may be invalid)
  [152/217] Laboratory Corporation of America: 0 jobs (slug may be invalid)
  [153/217] Exact Sciences: 0 jobs (slug may be invalid)
  [154/217] Fresenius Medical Care: 0 jobs (slug may be invalid)
  [155/217] DaVita: 0 jobs (slug may be invalid)
  [156/217] Optum: 0 jobs (slug may be invalid)
  [157/217] Vizient: 0 jobs (slug may be invalid)
  [158/217] Premier Inc: 0 jobs (slug may be invalid)
  [159/217] Cardinal Health: 0 jobs (slug may be invalid)
  [160/217] McKesson Corporation: 0 jobs (slug may be invalid)
  [161/217] AmerisourceBergen: 0 jobs (slug may be invalid)
  [162/217] VSP Vision Care: 0 jobs (slug may be invalid)
  [163/217] Align Technology: 0 jobs (slug may be invalid)
  [164/217] PointClickCare: 0 jobs (slug may be invalid)
  [165/217] R1 RCM: 0 jobs (slug may be invalid)
  [166/217] Accolade: 0 jobs (slug may be invalid)
  [167/217] athenahealth: 40 jobs
  [168/217] Becton Dickinson: 40 jobs
  [169/217] Stryker: 40 jobs
  [170/217] Baxter International: 0 jobs (slug may be invalid)
  [171/217] Organon: 0 jobs (slug may be invalid)
  [172/217] Cotiviti: 0 jobs (slug may be invalid)
  [173/217] Availity: 0 jobs (slug may be invalid)
  [174/217] GE HealthCare: 0 jobs (slug may be invalid)
  [175/217] ResMed: 40 jobs
  [176/217] Hologic: 0 jobs (slug may be invalid)
  [177/217] Edwards Lifesciences: 0 jobs (slug may be invalid)
  [178/217] Healthfirst: 77 jobs
  [179/217] EmblemHealth: 0 jobs (slug may be invalid)
  [180/217] Hackensack Meridian Health: 0 jobs (slug may be invalid)
  [181/217] Memorial Sloan Kettering: 0 jobs (slug may be invalid)
  [182/217] Teva Pharmaceuticals: 0 jobs (slug may be invalid)
  [183/217] Daiichi Sankyo US: 0 jobs (slug may be invalid)
  [184/217] Otsuka US: 0 jobs (slug may be invalid)
  [185/217] Eisai US: 0 jobs (slug may be invalid)
  [186/217] Press Ganey: 0 jobs (slug may be invalid)
  [187/217] Quantum Health: 0 jobs (slug may be invalid)
  [188/217] Ensemble Health Partners: 0 jobs (slug may be invalid)
  [189/217] iHeartMedia: 0 jobs (slug may be invalid)
  [190/217] JPMorganChase: 0 jobs (slug may be invalid)
  [191/217] Yahoo: 0 jobs (slug may be invalid)
  [192/217] Citi: 0 jobs (slug may be invalid)
  [193/217] SANOFI AVENTIS US LLC: 0 jobs (slug may be invalid)
  [194/217] ZS: 0 jobs (slug may be invalid)
  [195/217] IBM: 0 jobs (slug may be invalid)
  [196/217] Reckitt: 0 jobs (slug may be invalid)
  [197/217] Merck: 0 jobs (slug may be invalid)
  [198/217] Johnson & Johnson Innovative Medicine: 0 jobs (slug may be invalid)
  [199/217] Wolters Kluwer Health: 0 jobs (slug may be invalid)
  [200/217] Inovalon: 0 jobs (slug may be invalid)
  [201/217] Evolent Health: 0 jobs (slug may be invalid)
  [202/217] Webster Bank: 0 jobs (slug may be invalid)
  [203/217] Synovus Financial: 0 jobs (slug may be invalid)
  [204/217] Western Alliance Bancorporation: 0 jobs (slug may be invalid)
  [205/217] Texas Capital Bank: 0 jobs (slug may be invalid)
  [206/217] Cadence Bank: 0 jobs (slug may be invalid)
  [207/217] FTI Consulting: 0 jobs (slug may be invalid)
  [208/217] Crowe LLP: 0 jobs (slug may be invalid)
  [209/217] Grant Thornton: 0 jobs (slug may be invalid)
  [210/217] Moody's Analytics: 0 jobs (slug may be invalid)
  [211/217] S&P Global Market Intelligence: 0 jobs (slug may be invalid)
  [212/217] navan: 0 jobs (slug may be invalid)
  [213/217] nuvei: 0 jobs (slug may be invalid)
  [214/217] accolade: 0 jobs (slug may be invalid)
  [215/217] veeva-systems: 0 jobs (slug may be invalid)
  [216/217] health-catalyst: 0 jobs (slug may be invalid)
  [217/217] privia-health: 0 jobs (slug may be invalid)

[wttj] 34 companies
  [1/34] Modernizing Medicine: 0 jobs (slug may be invalid)
  [2/34] Definitive Healthcare: 0 jobs (slug may be invalid)
  [3/34] Innovaccer: 0 jobs (slug may be invalid)
  [4/34] Cohere Health: 0 jobs (slug may be invalid)
  [5/34] Navina: 0 jobs (slug may be invalid)
  [6/34] Privia Health: 0 jobs (slug may be invalid)
  [7/34] Arcadia: 0 jobs (slug may be invalid)
  [8/34] Netsmart Technologies: 0 jobs (slug may be invalid)
  [9/34] Lightbeam Health Solutions: 0 jobs (slug may be invalid)
  [10/34] Transcarent: 0 jobs (slug may be invalid)
  [11/34] Availity: 0 jobs (slug may be invalid)
  [12/34] Kyruus Health: 0 jobs (slug may be invalid)
  [13/34] Abridge: 0 jobs (slug may be invalid)
  [14/34] Notable Health: 0 jobs (slug may be invalid)
  [15/34] Quartet Health: 0 jobs (slug may be invalid)
  [16/34] Meridian Health Plan: 0 jobs (slug may be invalid)
  [17/34] WebMD Health Services: 0 jobs (slug may be invalid)
  [18/34] Athenahealth: 0 jobs (slug may be invalid)
  [19/34] Hims & Hers Health: 0 jobs (slug may be invalid)
  [20/34] Atlantic Union Bank: 0 jobs (slug may be invalid)
  [21/34] Customers Bank: 0 jobs (slug may be invalid)
  [22/34] AuditBoard: 0 jobs (slug may be invalid)
  [23/34] LogicGate: 0 jobs (slug may be invalid)
  [24/34] ProcessUnity: 0 jobs (slug may be invalid)
  [25/34] Resolver: 0 jobs (slug may be invalid)
  [26/34] Aravo: 0 jobs (slug may be invalid)
  [27/34] Riskonnect: 0 jobs (slug may be invalid)
  [28/34] Sardine: 0 jobs (slug may be invalid)
  [29/34] Alloy: 0 jobs (slug may be invalid)
  [30/34] Capco: 0 jobs (slug may be invalid)
  [31/34] West Monroe Partners: 0 jobs (slug may be invalid)
  [32/34] Riveron: 0 jobs (slug may be invalid)
  [33/34] Middesk: 0 jobs (slug may be invalid)
  [34/34] Persona: 0 jobs (slug may be invalid)

[icims] 34 companies
  [1/34] ?: 0 jobs (slug may be invalid)
  [2/34] ?: 0 jobs (slug may be invalid)
  [3/34] ?: 0 jobs (slug may be invalid)
  [4/34] ?: 0 jobs (slug may be invalid)
  [5/34] ?: 0 jobs (slug may be invalid)
  [6/34] ?: 0 jobs (slug may be invalid)
  [7/34] ?: 0 jobs (slug may be invalid)
  [8/34] ?: 0 jobs (slug may be invalid)
  [9/34] ?: 0 jobs (slug may be invalid)
  [10/34] ?: 0 jobs (slug may be invalid)
  [11/34] ?: 0 jobs (slug may be invalid)
  [12/34] ?: 0 jobs (slug may be invalid)
  [13/34] ?: 0 jobs (slug may be invalid)
  [14/34] ?: 0 jobs (slug may be invalid)
  [15/34] ?: 0 jobs (slug may be invalid)
  [16/34] ?: 0 jobs (slug may be invalid)
  [17/34] ?: 0 jobs (slug may be invalid)
  [18/34] ?: 0 jobs (slug may be invalid)
  [19/34] ?: 0 jobs (slug may be invalid)
  [20/34] ?: 0 jobs (slug may be invalid)
  [21/34] ?: 0 jobs (slug may be invalid)
  [22/34] ?: 0 jobs (slug may be invalid)
  [23/34] ?: 0 jobs (slug may be invalid)
  [24/34] ?: 0 jobs (slug may be invalid)
  [25/34] ?: 0 jobs (slug may be invalid)
  [26/34] ?: 0 jobs (slug may be invalid)
  [27/34] ?: 0 jobs (slug may be invalid)
  [28/34] ?: 0 jobs (slug may be invalid)
  [29/34] ?: 0 jobs (slug may be invalid)
  [30/34] ?: 0 jobs (slug may be invalid)
  [31/34] ?: 0 jobs (slug may be invalid)
  [32/34] ?: 0 jobs (slug may be invalid)
  [33/34] ?: 0 jobs (slug may be invalid)
  [34/34] ?: 0 jobs (slug may be invalid)

[smartrecruiters] 34 companies
  [1/34] ?: 0 jobs (slug may be invalid)
  [2/34] ?: 0 jobs (slug may be invalid)
  [3/34] ?: 0 jobs (slug may be invalid)
  [4/34] ?: 0 jobs (slug may be invalid)
  [5/34] ?: 0 jobs (slug may be invalid)
  [6/34] ?: 45 jobs
  [7/34] ?: 0 jobs (slug may be invalid)
  [8/34] ?: 0 jobs (slug may be invalid)
  [9/34] ?: 0 jobs (slug may be invalid)
  [10/34] ?: 0 jobs (slug may be invalid)
  [11/34] ?: 0 jobs (slug may be invalid)
  [12/34] ?: 0 jobs (slug may be invalid)
  [13/34] ?: 0 jobs (slug may be invalid)
  [14/34] ?: 0 jobs (slug may be invalid)
  [15/34] ?: 0 jobs (slug may be invalid)
  [16/34] ?: 0 jobs (slug may be invalid)
  [17/34] ?: 0 jobs (slug may be invalid)
  [18/34] ?: 0 jobs (slug may be invalid)
  [19/34] ?: 0 jobs (slug may be invalid)
  [20/34] ?: 0 jobs (slug may be invalid)
  [21/34] ?: 0 jobs (slug may be invalid)
  [22/34] ?: 0 jobs (slug may be invalid)
  [23/34] ?: 0 jobs (slug may be invalid)
  [24/34] ?: 0 jobs (slug may be invalid)
  [25/34] ?: 0 jobs (slug may be invalid)
  [26/34] ?: 0 jobs (slug may be invalid)
  [27/34] ?: 0 jobs (slug may be invalid)
  [28/34] ?: 0 jobs (slug may be invalid)
  [29/34] ?: 0 jobs (slug may be invalid)
  [30/34] ?: 0 jobs (slug may be invalid)
  [31/34] ?: 0 jobs (slug may be invalid)
  [32/34] ?: 0 jobs (slug may be invalid)
  [33/34] ?: 0 jobs (slug may be invalid)
  [34/34] ?: 0 jobs (slug may be invalid)

[pinpoint] 34 companies
  [1/34] ?: 0 jobs (slug may be invalid)
  [2/34] ?: 0 jobs (slug may be invalid)
  [3/34] ?: 0 jobs (slug may be invalid)
  [4/34] ?: 0 jobs (slug may be invalid)
  [5/34] ?: 0 jobs (slug may be invalid)
  [6/34] ?: 0 jobs (slug may be invalid)
  [7/34] ?: 0 jobs (slug may be invalid)
  [8/34] ?: 0 jobs (slug may be invalid)
  [9/34] ?: 0 jobs (slug may be invalid)
  [10/34] ?: 0 jobs (slug may be invalid)
  [11/34] ?: 0 jobs (slug may be invalid)
  [12/34] ?: 0 jobs (slug may be invalid)
  [13/34] ?: 0 jobs (slug may be invalid)
  [14/34] ?: 0 jobs (slug may be invalid)
  [15/34] ?: 0 jobs (slug may be invalid)
  [16/34] ?: 0 jobs (slug may be invalid)
  [17/34] ?: 0 jobs (slug may be invalid)
  [18/34] ?: 0 jobs (slug may be invalid)
  [19/34] ?: 0 jobs (slug may be invalid)
  [20/34] ?: 0 jobs (slug may be invalid)
  [21/34] ?: 0 jobs (slug may be invalid)
  [22/34] ?: 0 jobs (slug may be invalid)
  [23/34] ?: 0 jobs (slug may be invalid)
  [24/34] ?: 0 jobs (slug may be invalid)
  [25/34] ?: 0 jobs (slug may be invalid)
  [26/34] ?: 0 jobs (slug may be invalid)
  [27/34] ?: 0 jobs (slug may be invalid)
  [28/34] ?: 0 jobs (slug may be invalid)
  [29/34] ?: 0 jobs (slug may be invalid)
  [30/34] ?: 0 jobs (slug may be invalid)
  [31/34] ?: 0 jobs (slug may be invalid)
  [32/34] ?: 0 jobs (slug may be invalid)
  [33/34] ?: 0 jobs (slug may be invalid)
  [34/34] ?: 0 jobs (slug may be invalid)

[teamtailor] 34 companies
  [1/34] ?: 0 jobs (slug may be invalid)
  [2/34] ?: 0 jobs (slug may be invalid)
  [3/34] ?: 0 jobs (slug may be invalid)
  [4/34] ?: 0 jobs (slug may be invalid)
  [5/34] ?: 0 jobs (slug may be invalid)
  [6/34] ?: 0 jobs (slug may be invalid)
  [7/34] ?: 0 jobs (slug may be invalid)
  [8/34] ?: 0 jobs (slug may be invalid)
  [9/34] ?: 0 jobs (slug may be invalid)
  [10/34] ?: 0 jobs (slug may be invalid)
  [11/34] ?: 0 jobs (slug may be invalid)
  [12/34] ?: 0 jobs (slug may be invalid)
  [13/34] ?: 0 jobs (slug may be invalid)
  [14/34] ?: 0 jobs (slug may be invalid)
  [15/34] ?: 0 jobs (slug may be invalid)
  [16/34] ?: 0 jobs (slug may be invalid)
  [17/34] ?: 0 jobs (slug may be invalid)
  [18/34] ?: 0 jobs (slug may be invalid)
  [19/34] ?: 0 jobs (slug may be invalid)
  [20/34] ?: 0 jobs (slug may be invalid)
  [21/34] ?: 0 jobs (slug may be invalid)
  [22/34] ?: 0 jobs (slug may be invalid)
  [23/34] ?: 0 jobs (slug may be invalid)
  [24/34] ?: 0 jobs (slug may be invalid)
  [25/34] ?: 0 jobs (slug may be invalid)
  [26/34] ?: 0 jobs (slug may be invalid)
  [27/34] ?: 0 jobs (slug may be invalid)
  [28/34] ?: 0 jobs (slug may be invalid)
  [29/34] ?: 0 jobs (slug may be invalid)
  [30/34] ?: 0 jobs (slug may be invalid)
  [31/34] ?: 0 jobs (slug may be invalid)
  [32/34] ?: 0 jobs (slug may be invalid)
  [33/34] ?: 0 jobs (slug may be invalid)
  [34/34] ?: 0 jobs (slug may be invalid)

[recruitee] 34 companies
  [1/34] ?: 0 jobs (slug may be invalid)
  [2/34] ?: 0 jobs (slug may be invalid)
  [3/34] ?: 0 jobs (slug may be invalid)
  [4/34] ?: 0 jobs (slug may be invalid)
  [5/34] ?: 0 jobs (slug may be invalid)
  [6/34] ?: 0 jobs (slug may be invalid)
  [7/34] ?: 0 jobs (slug may be invalid)
  [8/34] ?: 0 jobs (slug may be invalid)
  [9/34] ?: 0 jobs (slug may be invalid)
  [10/34] ?: 0 jobs (slug may be invalid)
  [11/34] ?: 0 jobs (slug may be invalid)
  [12/34] ?: 0 jobs (slug may be invalid)
  [13/34] ?: 0 jobs (slug may be invalid)
  [14/34] ?: 0 jobs (slug may be invalid)
  [15/34] ?: 0 jobs (slug may be invalid)
  [16/34] ?: 0 jobs (slug may be invalid)
  [17/34] ?: 0 jobs (slug may be invalid)
  [18/34] ?: 0 jobs (slug may be invalid)
  [19/34] ?: 0 jobs (slug may be invalid)
  [20/34] ?: 0 jobs (slug may be invalid)
  [21/34] ?: 0 jobs (slug may be invalid)
  [22/34] ?: 0 jobs (slug may be invalid)
  [23/34] ?: 0 jobs (slug may be invalid)
  [24/34] ?: 0 jobs (slug may be invalid)
  [25/34] ?: 0 jobs (slug may be invalid)
  [26/34] ?: 0 jobs (slug may be invalid)
  [27/34] ?: 0 jobs (slug may be invalid)
  [28/34] ?: 0 jobs (slug may be invalid)
  [29/34] ?: 0 jobs (slug may be invalid)
  [30/34] ?: 0 jobs (slug may be invalid)
  [31/34] ?: 0 jobs (slug may be invalid)
  [32/34] ?: 0 jobs (slug may be invalid)
  [33/34] ?: 0 jobs (slug may be invalid)
  [34/34] ?: 0 jobs (slug may be invalid)

[wellfound] 34 companies
  [1/34] ?: 0 jobs (slug may be invalid)
  [2/34] ?: 0 jobs (slug may be invalid)
  [3/34] ?: 0 jobs (slug may be invalid)
  [4/34] ?: 0 jobs (slug may be invalid)
  [5/34] ?: 0 jobs (slug may be invalid)
  [6/34] ?: 0 jobs (slug may be invalid)
  [7/34] ?: 0 jobs (slug may be invalid)
  [8/34] ?: 0 jobs (slug may be invalid)
  [9/34] ?: 0 jobs (slug may be invalid)
  [10/34] ?: 0 jobs (slug may be invalid)
  [11/34] ?: 0 jobs (slug may be invalid)
  [12/34] ?: 0 jobs (slug may be invalid)
  [13/34] ?: 0 jobs (slug may be invalid)
  [14/34] ?: 0 jobs (slug may be invalid)
  [15/34] ?: 0 jobs (slug may be invalid)
  [16/34] ?: 0 jobs (slug may be invalid)
  [17/34] ?: 0 jobs (slug may be invalid)
  [18/34] ?: 0 jobs (slug may be invalid)
  [19/34] ?: 0 jobs (slug may be invalid)
  [20/34] ?: 0 jobs (slug may be invalid)
  [21/34] ?: 0 jobs (slug may be invalid)
  [22/34] ?: 0 jobs (slug may be invalid)
  [23/34] ?: 0 jobs (slug may be invalid)
  [24/34] ?: 0 jobs (slug may be invalid)
  [25/34] ?: 0 jobs (slug may be invalid)
  [26/34] ?: 0 jobs (slug may be invalid)
  [27/34] ?: 0 jobs (slug may be invalid)
  [28/34] ?: 0 jobs (slug may be invalid)
  [29/34] ?: 0 jobs (slug may be invalid)
  [30/34] ?: 0 jobs (slug may be invalid)
  [31/34] ?: 0 jobs (slug may be invalid)
  [32/34] ?: 0 jobs (slug may be invalid)
  [33/34] ?: 0 jobs (slug may be invalid)
  [34/34] ?: 0 jobs (slug may be invalid)

[trueup] 34 companies
  [1/34] ?: 0 jobs (slug may be invalid)
  [2/34] ?: 0 jobs (slug may be invalid)
  [3/34] ?: 0 jobs (slug may be invalid)
  [4/34] ?: 0 jobs (slug may be invalid)
  [5/34] ?: 0 jobs (slug may be invalid)
  [6/34] ?: 0 jobs (slug may be invalid)
  [7/34] ?: 0 jobs (slug may be invalid)
  [8/34] ?: 0 jobs (slug may be invalid)
  [9/34] ?: 0 jobs (slug may be invalid)
  [10/34] ?: 0 jobs (slug may be invalid)
  [11/34] ?: 0 jobs (slug may be invalid)
  [12/34] ?: 0 jobs (slug may be invalid)
  [13/34] ?: 0 jobs (slug may be invalid)
  [14/34] ?: 0 jobs (slug may be invalid)
  [15/34] ?: 0 jobs (slug may be invalid)
  [16/34] ?: 0 jobs (slug may be invalid)
  [17/34] ?: 0 jobs (slug may be invalid)
  [18/34] ?: 0 jobs (slug may be invalid)
  [19/34] ?: 0 jobs (slug may be invalid)
  [20/34] ?: 0 jobs (slug may be invalid)
  [21/34] ?: 0 jobs (slug may be invalid)
  [22/34] ?: 0 jobs (slug may be invalid)
  [23/34] ?: 0 jobs (slug may be invalid)
  [24/34] ?: 0 jobs (slug may be invalid)
  [25/34] ?: 0 jobs (slug may be invalid)
  [26/34] ?: 0 jobs (slug may be invalid)
  [27/34] ?: 0 jobs (slug may be invalid)
  [28/34] ?: 0 jobs (slug may be invalid)
  [29/34] ?: 0 jobs (slug may be invalid)
  [30/34] ?: 0 jobs (slug may be invalid)
  [31/34] ?: 0 jobs (slug may be invalid)
  [32/34] ?: 0 jobs (slug may be invalid)
  [33/34] ?: 0 jobs (slug may be invalid)
  [34/34] ?: 0 jobs (slug may be invalid)

[remoteok] 1 companies
  [1/1] Remote OK feed: 98 jobs

[yc] 1 companies
  [1/1] YC Work at a Startup: 30 jobs

[hn_hiring] 1 companies
  [1/1] HN Who is Hiring: 191 jobs

[healthecareers] 1 companies
  [1/1] Health eCareers: 0 jobs (slug may be invalid)

[himss] 1 companies
  [1/1] HIMSS Career Center: 0 jobs (slug may be invalid)

Totals: {'greenhouse': 9407, 'lever': 880, 'ashby': 1497, 'workday': 2196, 'workable': 13, 'smartrecruiters': 45, 'remoteok': 98, 'yc': 30, 'hn_hiring': 191}
Failures: 1018 (companies returned no data — likely bad slugs)
[users] loaded 4 from Worker

[multi-user] generating dashboards for 4 users
[diag:geetu] loaded profile, targetCompanies len=23, first={'name': 'Veeva Systems', 'atsHint': 'workday', 'atsUrl': 'https://veeva.wd1.myworkdayjobs.com/veeva_careers', 'why': 'Cloud SaaS leader in life sciences with constant demand for senior product and transformation leaders who bridge pharma and technology'}
[skills-profile:geetu] Senior digital transformation and product leader at the intersection of healthcare and technology · 65 keywords
[velocity] 148 actively-scaling companies (3+ senior roles in 30d)
[location-remote:geetu] filter pref='hybrid' locs=['New York City', 'New Jersey', 'Remote (US)'] kept 3152/3152
[why-hidden:geetu] classified 2000 hidden jobs (of 13876 total dropped)

Dashboard written: /home/runner/work/getmybob/getmybob/geetu.html
[diag:amit-arora] loaded profile, targetCompanies len=25, first={'name': 'Webster Bank', 'atsHint': 'workday', 'atsUrl': 'https://websterbank.wd1.myworkdayjobs.com/WebsterBankCareers', 'why': "Super-regional commercial bank with active GRC and digital transformation hiring at the SVP/MD level, directly aligned to Amit's IDB Bank and Bank Leumi profile."}
[skills-profile:amit-arora] Senior technology and GRC executive specializing in digital transformation, risk management, and M&A integration within banking and capital markets · 13 keywords
[velocity] 148 actively-scaling companies (3+ senior roles in 30d)
[location-remote:amit-arora] filter pref='hybrid' locs=['New York City', 'Remote (US)'] kept 1660/1660
[why-hidden:amit-arora] classified 2000 hidden jobs (of 13876 total dropped)

Dashboard written: /home/runner/work/getmybob/getmybob/amit-arora.html
[diag:ishika-arora] loaded profile, targetCompanies len=0, first=None
[skills-profile:ishika-arora] ? · 0 keywords
[velocity] 148 actively-scaling companies (3+ senior roles in 30d)
[why-hidden:ishika-arora] classified 2000 hidden jobs (of 13876 total dropped)

Dashboard written: /home/runner/work/getmybob/getmybob/ishika-arora.html
[diag:radhika-kalra] loaded profile, targetCompanies len=0, first=None
[skills-profile:radhika-kalra] ? · 0 keywords
[velocity] 148 actively-scaling companies (3+ senior roles in 30d)
[why-hidden:radhika-kalra] classified 2000 hidden jobs (of 13876 total dropped)

Dashboard written: /home/runner/work/getmybob/getmybob/radhika-kalra.html
